Component: ARM Compiler 5.06 update 7 (build 960) Tool: armlink [4d3601]

==============================================================================

Section Cross References

    startup_lpc17xx.o(STACK) refers (Special) to heapauxi.o(.text) for __use_two_region_memory
    startup_lpc17xx.o(HEAP) refers (Special) to heapauxi.o(.text) for __use_two_region_memory
    startup_lpc17xx.o(RESET) refers (Special) to heapauxi.o(.text) for __use_two_region_memory
    startup_lpc17xx.o(RESET) refers to startup_lpc17xx.o(STACK) for __initial_sp
    startup_lpc17xx.o(RESET) refers to startup_lpc17xx.o(.text) for Reset_Handler
    startup_lpc17xx.o(RESET) refers to irq_timer.o(.text) for TIMER0_IRQHandler
    startup_lpc17xx.o(RESET) refers to irq_button.o(.text) for EINT0_IRQHandler
    startup_lpc17xx.o(RESET) refers to irq_can.o(.text) for CAN_IRQHandler
    startup_lpc17xx.o(RESET) refers to irq_rit.o(.text) for RIT_IRQHandler
    startup_lpc17xx.o(.ARM.__at_0x02FC) refers (Special) to heapauxi.o(.text) for __use_two_region_memory
    startup_lpc17xx.o(.text) refers (Special) to heapauxi.o(.text) for __use_two_region_memory
    startup_lpc17xx.o(.text) refers to __main.o(!!!main) for __main
    startup_lpc17xx.o(.text) refers to startup_lpc17xx.o(HEAP) for Heap_Mem
    startup_lpc17xx.o(.text) refers to startup_lpc17xx.o(STACK) for Stack_Mem
    sample.o(.text) refers to system_lpc17xx.o(.text) for SystemInit
    sample.o(.text) refers to lib_button.o(.text) for BUTTON_init
    sample.o(.text) refers to lib_can.o(.text) for CAN_Init
    sample.o(.text) refers to lib_rit.o(.text) for init_RIT
    sample.o(.text) refers to lib_joystick.o(.text) for joystick_init
    sample.o(.text) refers to glcd.o(.text) for LCD_Initialization
    sample.o(.text) refers to menu.o(.text) for menu_init
    system_lpc17xx.o(.text) refers to system_lpc17xx.o(.data) for SystemFrequency
    asciilib.o(.text) refers to rt_memcpy_v6.o(.text) for __aeabi_memcpy
    asciilib.o(.text) refers to asciilib.o(.constdata) for AsciiLib
    glcd.o(.text) refers to glcd.o(.data) for LCD_Code
    glcd.o(.text) refers to asciilib.o(.text) for GetASCIICode
    hzlib.o(.text) refers to rt_memcpy_v6.o(.text) for __aeabi_memcpy
    hzlib.o(.text) refers to hzlib.o(.constdata) for HzLib
    irq_button.o(.text) refers to irq_rit.o(.data) for down_0
    irq_rit.o(.text) refers to quoridor.o(.text) for select_button_pressed
    irq_rit.o(.text) refers to menu.o(.text) for menu_manager
    irq_rit.o(.text) refers to lib_rit.o(.text) for reset_RIT
    irq_rit.o(.text) refers to irq_rit.o(.data) for j_select
    irq_rit.o(.text) refers to sample.o(.bss) for game
    irq_timer.o(.text) refers to graphics.o(.text) for ticks_counter_update
    irq_timer.o(.text) refers to quoridor.o(.text) for turn_manager
    irq_timer.o(.text) refers to sample.o(.bss) for game
    quoridor.o(.text) refers to lib_timer.o(.text) for disable_timer
    quoridor.o(.text) refers to graphics.o(.text) for show_winner_message
    quoridor.o(.text) refers to rt_memcpy_v6.o(.text) for __aeabi_memcpy
    quoridor.o(.text) refers to magda.o(.text) for minimax
    quoridor.o(.text) refers to walls.o(.text) for place_current_wall
    quoridor.o(.text) refers to player.o(.text) for find_available_moves
    quoridor.o(.text) refers to sample.o(.bss) for game
    quoridor.o(.text) refers to menu.o(.text) for menu_manager
    quoridor.o(.text) refers to glcd.o(.text) for GUI_Text
    quoridor.o(.text) refers to sample.o(.data) for received_move
    player.o(.text) refers to graphics.o(.text) for update_player_token_pos
    walls.o(.text) refers to graphics.o(.text) for draw_current_wall
    walls.o(.text) refers to sample.o(.bss) for game
    graphics.o(.text) refers to _printf_percent.o(.ARM.Collect$$_printf_percent$$00000000) for _printf_percent
    graphics.o(.text) refers to _printf_d.o(.ARM.Collect$$_printf_percent$$00000009) for _printf_d
    graphics.o(.text) refers to _printf_dec.o(.text) for _printf_int_dec
    graphics.o(.text) refers to glcd.o(.text) for LCD_DrawLine
    graphics.o(.text) refers to rt_memcpy_v6.o(.text) for __aeabi_memcpy
    graphics.o(.text) refers to noretval__2sprintf.o(.text) for __2sprintf
    graphics.o(.text) refers to graphics.o(.constdata) for the_pirate
    graphics.o(.text) refers to sample.o(.bss) for game
    magda.o(.text) refers to walls.o(.text) for remove_current_wall
    magda.o(.text) refers to player.o(.text) for find_available_moves
    magda.o(.text) refers to sample.o(.bss) for game
    menu.o(.text) refers to glcd.o(.text) for LCD_Clear
    menu.o(.text) refers to can_manager.o(.text) for send_ack
    menu.o(.text) refers to quoridor.o(.text) for game_start
    menu.o(.text) refers to sample.o(.bss) for game
    menu.o(.text) refers to sample.o(.data) for game_menu
    irq_can.o(.text) refers to lib_can.o(.text) for CAN_rdMsg
    irq_can.o(.text) refers to menu.o(.text) for show_two_board_menu
    irq_can.o(.text) refers to glcd.o(.text) for GUI_Text
    irq_can.o(.text) refers to quoridor.o(.text) for game_start
    irq_can.o(.text) refers to lib_can.o(.data) for icr
    irq_can.o(.text) refers to lib_can.o(.bss) for CAN_RxMsg
    irq_can.o(.text) refers to irq_can.o(.data) for data
    irq_can.o(.text) refers to sample.o(.data) for received_move
    irq_can.o(.text) refers to sample.o(.bss) for game
    lib_can.o(.text) refers to lib_can.o(.data) for result
    lib_can.o(.text) refers to lib_can.o(.constdata) for CAN_BIT_TIME
    can_manager.o(.text) refers to lib_can.o(.text) for CAN_wrMsg
    can_manager.o(.text) refers to lib_can.o(.bss) for CAN_TxMsg
    can_manager.o(.text) refers to sample.o(.bss) for game
    __2sprintf.o(.text) refers to _printf_char_common.o(.text) for _printf_char_common
    __2sprintf.o(.text) refers to _sputc.o(.text) for _sputc
    noretval__2sprintf.o(.text) refers to _printf_char_common.o(.text) for _printf_char_common
    noretval__2sprintf.o(.text) refers to _sputc.o(.text) for _sputc
    __printf.o(.text) refers to _printf_percent.o(.ARM.Collect$$_printf_percent$$00000000) for _printf_percent
    _printf_dec.o(.text) refers to _printf_intcommon.o(.text) for _printf_int_common
    __printf_flags.o(.text) refers to _printf_percent.o(.ARM.Collect$$_printf_percent$$00000000) for _printf_percent
    __printf_flags.o(.text) refers to __printf_flags.o(.constdata) for .constdata
    __printf_ss.o(.text) refers to _printf_percent.o(.ARM.Collect$$_printf_percent$$00000000) for _printf_percent
    __printf_flags_ss.o(.text) refers to _printf_percent.o(.ARM.Collect$$_printf_percent$$00000000) for _printf_percent
    __printf_flags_ss.o(.text) refers to __printf_flags_ss.o(.constdata) for .constdata
    __printf_wp.o(.text) refers to __printf_wp.o(i._is_digit) for _is_digit
    __printf_wp.o(.text) refers to _printf_percent.o(.ARM.Collect$$_printf_percent$$00000000) for _printf_percent
    __printf_flags_wp.o(.text) refers to __printf_wp.o(i._is_digit) for _is_digit
    __printf_flags_wp.o(.text) refers to _printf_percent.o(.ARM.Collect$$_printf_percent$$00000000) for _printf_percent
    __printf_flags_wp.o(.text) refers to __printf_flags_wp.o(.constdata) for .constdata
    __printf_ss_wp.o(.text) refers to __printf_wp.o(i._is_digit) for _is_digit
    __printf_ss_wp.o(.text) refers to _printf_percent.o(.ARM.Collect$$_printf_percent$$00000000) for _printf_percent
    __printf_flags_ss_wp.o(.text) refers to __printf_wp.o(i._is_digit) for _is_digit
    __printf_flags_ss_wp.o(.text) refers to _printf_percent.o(.ARM.Collect$$_printf_percent$$00000000) for _printf_percent
    __printf_flags_ss_wp.o(.text) refers to __printf_flags_ss_wp.o(.constdata) for .constdata
    _printf_d.o(.ARM.Collect$$_printf_percent$$00000009) refers (Weak) to _printf_dec.o(.text) for _printf_int_dec
    _printf_percent.o(.ARM.Collect$$_printf_percent$$00000000) refers (Special) to _printf_percent_end.o(.ARM.Collect$$_printf_percent$$00000017) for _printf_percent_end
    rt_memcpy_v6.o(.text) refers to rt_memcpy_w.o(.text) for __aeabi_memcpy4
    __main.o(!!!main) refers to __rtentry.o(.ARM.Collect$$rtentry$$00000000) for __rt_entry
    __rtentry.o(.ARM.Collect$$rtentry$$00000000) refers (Special) to __rtentry2.o(.ARM.Collect$$rtentry$$0000000A) for __rt_entry_li
    __rtentry.o(.ARM.Collect$$rtentry$$00000000) refers (Special) to __rtentry2.o(.ARM.Collect$$rtentry$$0000000D) for __rt_entry_main
    __rtentry.o(.ARM.Collect$$rtentry$$00000000) refers (Special) to __rtentry2.o(.ARM.Collect$$rtentry$$0000000C) for __rt_entry_postli_1
    __rtentry.o(.ARM.Collect$$rtentry$$00000000) refers (Special) to __rtentry2.o(.ARM.Collect$$rtentry$$00000009) for __rt_entry_postsh_1
    __rtentry.o(.ARM.Collect$$rtentry$$00000000) refers (Special) to __rtentry2.o(.ARM.Collect$$rtentry$$00000002) for __rt_entry_presh_1
    __rtentry.o(.ARM.Collect$$rtentry$$00000000) refers (Special) to __rtentry4.o(.ARM.Collect$$rtentry$$00000004) for __rt_entry_sh
    _printf_char_common.o(.text) refers to __printf.o(.text) for __printf
    __rtentry2.o(.ARM.Collect$$rtentry$$00000008) refers to boardinit2.o(.text) for _platform_post_stackheap_init
    __rtentry2.o(.ARM.Collect$$rtentry$$0000000A) refers to libinit.o(.ARM.Collect$$libinit$$00000000) for __rt_lib_init
    __rtentry2.o(.ARM.Collect$$rtentry$$0000000B) refers to boardinit3.o(.text) for _platform_post_lib_init
    __rtentry2.o(.ARM.Collect$$rtentry$$0000000D) refers to sample.o(.text) for main
    __rtentry2.o(.ARM.Collect$$rtentry$$0000000D) refers to exit.o(.text) for exit
    __rtentry2.o(.ARM.exidx) refers to __rtentry2.o(.ARM.Collect$$rtentry$$00000001) for .ARM.Collect$$rtentry$$00000001
    __rtentry2.o(.ARM.exidx) refers to __rtentry2.o(.ARM.Collect$$rtentry$$00000008) for .ARM.Collect$$rtentry$$00000008
    __rtentry2.o(.ARM.exidx) refers to __rtentry2.o(.ARM.Collect$$rtentry$$0000000A) for .ARM.Collect$$rtentry$$0000000A
    __rtentry2.o(.ARM.exidx) refers to __rtentry2.o(.ARM.Collect$$rtentry$$0000000B) for .ARM.Collect$$rtentry$$0000000B
    __rtentry2.o(.ARM.exidx) refers to __rtentry2.o(.ARM.Collect$$rtentry$$0000000D) for .ARM.Collect$$rtentry$$0000000D
    __rtentry4.o(.ARM.Collect$$rtentry$$00000004) refers to sys_stackheap_outer.o(.text) for __user_setup_stackheap
    __rtentry4.o(.ARM.exidx) refers to __rtentry4.o(.ARM.Collect$$rtentry$$00000004) for .ARM.Collect$$rtentry$$00000004
    sys_stackheap_outer.o(.text) refers to libspace.o(.text) for __user_perproc_libspace
    sys_stackheap_outer.o(.text) refers to startup_lpc17xx.o(.text) for __user_initial_stackheap
    exit.o(.text) refers to rtexit.o(.ARM.Collect$$rtexit$$00000000) for __rt_exit
    libinit.o(.ARM.Collect$$libinit$$00000000) refers (Special) to libinit2.o(.ARM.Collect$$libinit$$0000002E) for __rt_lib_init_alloca_1
    libinit.o(.ARM.Collect$$libinit$$00000000) refers (Special) to libinit2.o(.ARM.Collect$$libinit$$0000002C) for __rt_lib_init_argv_1
    libinit.o(.ARM.Collect$$libinit$$00000000) refers (Special) to libinit2.o(.ARM.Collect$$libinit$$0000001B) for __rt_lib_init_atexit_1
    libinit.o(.ARM.Collect$$libinit$$00000000) refers (Special) to libinit2.o(.ARM.Collect$$libinit$$00000021) for __rt_lib_init_clock_1
    libinit.o(.ARM.Collect$$libinit$$00000000) refers (Special) to libinit2.o(.ARM.Collect$$libinit$$00000032) for __rt_lib_init_cpp_1
    libinit.o(.ARM.Collect$$libinit$$00000000) refers (Special) to libinit2.o(.ARM.Collect$$libinit$$00000030) for __rt_lib_init_exceptions_1
    libinit.o(.ARM.Collect$$libinit$$00000000) refers (Special) to libinit2.o(.ARM.Collect$$libinit$$00000002) for __rt_lib_init_fp_1
    libinit.o(.ARM.Collect$$libinit$$00000000) refers (Special) to libinit2.o(.ARM.Collect$$libinit$$0000001F) for __rt_lib_init_fp_trap_1
    libinit.o(.ARM.Collect$$libinit$$00000000) refers (Special) to libinit2.o(.ARM.Collect$$libinit$$00000023) for __rt_lib_init_getenv_1
    libinit.o(.ARM.Collect$$libinit$$00000000) refers (Special) to libinit2.o(.ARM.Collect$$libinit$$0000000A) for __rt_lib_init_heap_1
    libinit.o(.ARM.Collect$$libinit$$00000000) refers (Special) to libinit2.o(.ARM.Collect$$libinit$$00000011) for __rt_lib_init_lc_collate_1
    libinit.o(.ARM.Collect$$libinit$$00000000) refers (Special) to libinit2.o(.ARM.Collect$$libinit$$00000013) for __rt_lib_init_lc_ctype_1
    libinit.o(.ARM.Collect$$libinit$$00000000) refers (Special) to libinit2.o(.ARM.Collect$$libinit$$00000015) for __rt_lib_init_lc_monetary_1
    libinit.o(.ARM.Collect$$libinit$$00000000) refers (Special) to libinit2.o(.ARM.Collect$$libinit$$00000017) for __rt_lib_init_lc_numeric_1
    libinit.o(.ARM.Collect$$libinit$$00000000) refers (Special) to libinit2.o(.ARM.Collect$$libinit$$00000019) for __rt_lib_init_lc_time_1
    libinit.o(.ARM.Collect$$libinit$$00000000) refers (Special) to libinit2.o(.ARM.Collect$$libinit$$00000004) for __rt_lib_init_preinit_1
    libinit.o(.ARM.Collect$$libinit$$00000000) refers (Special) to libinit2.o(.ARM.Collect$$libinit$$0000000E) for __rt_lib_init_rand_1
    libinit.o(.ARM.Collect$$libinit$$00000000) refers (Special) to libinit2.o(.ARM.Collect$$libinit$$00000033) for __rt_lib_init_return
    libinit.o(.ARM.Collect$$libinit$$00000000) refers (Special) to libinit2.o(.ARM.Collect$$libinit$$0000001D) for __rt_lib_init_signal_1
    libinit.o(.ARM.Collect$$libinit$$00000000) refers (Special) to libinit2.o(.ARM.Collect$$libinit$$00000025) for __rt_lib_init_stdio_1
    libinit.o(.ARM.Collect$$libinit$$00000000) refers (Special) to libinit2.o(.ARM.Collect$$libinit$$0000000C) for __rt_lib_init_user_alloc_1
    libspace.o(.text) refers to libspace.o(.bss) for __libspace_start
    rtexit.o(.ARM.Collect$$rtexit$$00000000) refers (Special) to rtexit2.o(.ARM.Collect$$rtexit$$00000004) for __rt_exit_exit
    rtexit.o(.ARM.Collect$$rtexit$$00000000) refers (Special) to rtexit2.o(.ARM.Collect$$rtexit$$00000003) for __rt_exit_ls
    rtexit.o(.ARM.Collect$$rtexit$$00000000) refers (Special) to rtexit2.o(.ARM.Collect$$rtexit$$00000002) for __rt_exit_prels_1
    rtexit.o(.ARM.exidx) refers (Special) to rtexit2.o(.ARM.Collect$$rtexit$$00000004) for __rt_exit_exit
    rtexit.o(.ARM.exidx) refers (Special) to rtexit2.o(.ARM.Collect$$rtexit$$00000003) for __rt_exit_ls
    rtexit.o(.ARM.exidx) refers (Special) to rtexit2.o(.ARM.Collect$$rtexit$$00000002) for __rt_exit_prels_1
    rtexit.o(.ARM.exidx) refers to rtexit.o(.ARM.Collect$$rtexit$$00000000) for .ARM.Collect$$rtexit$$00000000
    libinit2.o(.ARM.Collect$$libinit$$00000010) refers to libinit2.o(.ARM.Collect$$libinit$$0000000F) for .ARM.Collect$$libinit$$0000000F
    libinit2.o(.ARM.Collect$$libinit$$00000012) refers to libinit2.o(.ARM.Collect$$libinit$$0000000F) for .ARM.Collect$$libinit$$0000000F
    libinit2.o(.ARM.Collect$$libinit$$00000014) refers to libinit2.o(.ARM.Collect$$libinit$$0000000F) for .ARM.Collect$$libinit$$0000000F
    libinit2.o(.ARM.Collect$$libinit$$00000016) refers to libinit2.o(.ARM.Collect$$libinit$$0000000F) for .ARM.Collect$$libinit$$0000000F
    libinit2.o(.ARM.Collect$$libinit$$00000018) refers to libinit2.o(.ARM.Collect$$libinit$$0000000F) for .ARM.Collect$$libinit$$0000000F
    libinit2.o(.ARM.Collect$$libinit$$00000026) refers to argv_veneer.o(.emb_text) for __ARM_argv_veneer
    libinit2.o(.ARM.Collect$$libinit$$00000027) refers to argv_veneer.o(.emb_text) for __ARM_argv_veneer
    rtexit2.o(.ARM.Collect$$rtexit$$00000003) refers to libshutdown.o(.ARM.Collect$$libshutdown$$00000000) for __rt_lib_shutdown
    rtexit2.o(.ARM.Collect$$rtexit$$00000004) refers to sys_exit.o(.text) for _sys_exit
    rtexit2.o(.ARM.exidx) refers to rtexit2.o(.ARM.Collect$$rtexit$$00000001) for .ARM.Collect$$rtexit$$00000001
    rtexit2.o(.ARM.exidx) refers to rtexit2.o(.ARM.Collect$$rtexit$$00000003) for .ARM.Collect$$rtexit$$00000003
    rtexit2.o(.ARM.exidx) refers to rtexit2.o(.ARM.Collect$$rtexit$$00000004) for .ARM.Collect$$rtexit$$00000004
    argv_veneer.o(.emb_text) refers to no_argv.o(.text) for __ARM_get_argv
    sys_exit.o(.text) refers (Special) to use_no_semi.o(.text) for __I$use$semihosting
    sys_exit.o(.text) refers (Special) to indicate_semi.o(.text) for __semihosting_library_function
    _get_argv_nomalloc.o(.text) refers (Special) to hrguard.o(.text) for __heap_region$guard
    _get_argv_nomalloc.o(.text) refers to defsig_rtmem_outer.o(.text) for __rt_SIGRTMEM
    _get_argv_nomalloc.o(.text) refers to sys_command.o(.text) for _sys_command_string
    libshutdown.o(.ARM.Collect$$libshutdown$$00000000) refers (Special) to libshutdown2.o(.ARM.Collect$$libshutdown$$00000004) for __rt_lib_shutdown_cpp_1
    libshutdown.o(.ARM.Collect$$libshutdown$$00000000) refers (Special) to libshutdown2.o(.ARM.Collect$$libshutdown$$00000002) for __rt_lib_shutdown_fini_1
    libshutdown.o(.ARM.Collect$$libshutdown$$00000000) refers (Special) to libshutdown2.o(.ARM.Collect$$libshutdown$$00000009) for __rt_lib_shutdown_fp_trap_1
    libshutdown.o(.ARM.Collect$$libshutdown$$00000000) refers (Special) to libshutdown2.o(.ARM.Collect$$libshutdown$$00000011) for __rt_lib_shutdown_heap_1
    libshutdown.o(.ARM.Collect$$libshutdown$$00000000) refers (Special) to libshutdown2.o(.ARM.Collect$$libshutdown$$00000012) for __rt_lib_shutdown_return
    libshutdown.o(.ARM.Collect$$libshutdown$$00000000) refers (Special) to libshutdown2.o(.ARM.Collect$$libshutdown$$0000000C) for __rt_lib_shutdown_signal_1
    libshutdown.o(.ARM.Collect$$libshutdown$$00000000) refers (Special) to libshutdown2.o(.ARM.Collect$$libshutdown$$00000006) for __rt_lib_shutdown_stdio_1
    libshutdown.o(.ARM.Collect$$libshutdown$$00000000) refers (Special) to libshutdown2.o(.ARM.Collect$$libshutdown$$0000000E) for __rt_lib_shutdown_user_alloc_1
    sys_command.o(.text) refers (Special) to use_no_semi.o(.text) for __I$use$semihosting
    sys_command.o(.text) refers (Special) to indicate_semi.o(.text) for __semihosting_library_function
    defsig_rtmem_outer.o(.text) refers to defsig_rtmem_inner.o(.text) for __rt_SIGRTMEM_inner
    defsig_rtmem_outer.o(.text) refers to defsig_exit.o(.text) for __sig_exit
    defsig_rtmem_formal.o(.text) refers to rt_raise.o(.text) for __rt_raise
    rt_raise.o(.text) refers to __raise.o(.text) for __raise
    rt_raise.o(.text) refers to sys_exit.o(.text) for _sys_exit
    defsig_exit.o(.text) refers to sys_exit.o(.text) for _sys_exit
    defsig_rtmem_inner.o(.text) refers to defsig_general.o(.text) for __default_signal_display
    __raise.o(.text) refers to defsig.o(CL$$defsig) for __default_signal_handler
    defsig_general.o(.text) refers to sys_wrch.o(.text) for _ttywrch
    sys_wrch.o(.text) refers (Special) to use_no_semi.o(.text) for __I$use$semihosting
    sys_wrch.o(.text) refers (Special) to indicate_semi.o(.text) for __semihosting_library_function
    defsig.o(CL$$defsig) refers to defsig_rtmem_inner.o(.text) for __rt_SIGRTMEM_inner
    defsig_abrt_inner.o(.text) refers to defsig_general.o(.text) for __default_signal_display
    defsig_fpe_inner.o(.text) refers to defsig_general.o(.text) for __default_signal_display
    defsig_rtred_inner.o(.text) refers to defsig_general.o(.text) for __default_signal_display
    defsig_stak_inner.o(.text) refers to defsig_general.o(.text) for __default_signal_display
    defsig_pvfn_inner.o(.text) refers to defsig_general.o(.text) for __default_signal_display
    defsig_cppl_inner.o(.text) refers to defsig_general.o(.text) for __default_signal_display
    defsig_segv_inner.o(.text) refers to defsig_general.o(.text) for __default_signal_display
    defsig_other.o(.text) refers to defsig_general.o(.text) for __default_signal_display


==============================================================================

Removing Unused input sections from the image.

    Removing sample.o(.rev16_text), (4 bytes).
    Removing sample.o(.revsh_text), (4 bytes).
    Removing sample.o(.rrx_text), (6 bytes).
    Removing core_cm3.o(.emb_text), (32 bytes).
    Removing system_lpc17xx.o(.rev16_text), (4 bytes).
    Removing system_lpc17xx.o(.revsh_text), (4 bytes).
    Removing system_lpc17xx.o(.rrx_text), (6 bytes).
    Removing glcd.o(.rev16_text), (4 bytes).
    Removing glcd.o(.revsh_text), (4 bytes).
    Removing glcd.o(.rrx_text), (6 bytes).
    Removing hzlib.o(.text), (52 bytes).
    Removing hzlib.o(.constdata), (216576 bytes).
    Removing funct_joystick.o(.rev16_text), (4 bytes).
    Removing funct_joystick.o(.revsh_text), (4 bytes).
    Removing funct_joystick.o(.rrx_text), (6 bytes).
    Removing funct_joystick.o(.text), (2 bytes).
    Removing lib_joystick.o(.rev16_text), (4 bytes).
    Removing lib_joystick.o(.revsh_text), (4 bytes).
    Removing lib_joystick.o(.rrx_text), (6 bytes).
    Removing irq_button.o(.rev16_text), (4 bytes).
    Removing irq_button.o(.revsh_text), (4 bytes).
    Removing irq_button.o(.rrx_text), (6 bytes).
    Removing lib_button.o(.rev16_text), (4 bytes).
    Removing lib_button.o(.revsh_text), (4 bytes).
    Removing lib_button.o(.rrx_text), (6 bytes).
    Removing irq_rit.o(.rev16_text), (4 bytes).
    Removing irq_rit.o(.revsh_text), (4 bytes).
    Removing irq_rit.o(.rrx_text), (6 bytes).
    Removing lib_rit.o(.rev16_text), (4 bytes).
    Removing lib_rit.o(.revsh_text), (4 bytes).
    Removing lib_rit.o(.rrx_text), (6 bytes).
    Removing irq_timer.o(.rev16_text), (4 bytes).
    Removing irq_timer.o(.revsh_text), (4 bytes).
    Removing irq_timer.o(.rrx_text), (6 bytes).
    Removing lib_timer.o(.rev16_text), (4 bytes).
    Removing lib_timer.o(.revsh_text), (4 bytes).
    Removing lib_timer.o(.rrx_text), (6 bytes).
    Removing quoridor.o(.rev16_text), (4 bytes).
    Removing quoridor.o(.revsh_text), (4 bytes).
    Removing quoridor.o(.rrx_text), (6 bytes).
    Removing graphics.o(.rev16_text), (4 bytes).
    Removing graphics.o(.revsh_text), (4 bytes).
    Removing graphics.o(.rrx_text), (6 bytes).
    Removing menu.o(.rev16_text), (4 bytes).
    Removing menu.o(.revsh_text), (4 bytes).
    Removing menu.o(.rrx_text), (6 bytes).
    Removing irq_can.o(.rev16_text), (4 bytes).
    Removing irq_can.o(.revsh_text), (4 bytes).
    Removing irq_can.o(.rrx_text), (6 bytes).
    Removing lib_can.o(.rev16_text), (4 bytes).
    Removing lib_can.o(.revsh_text), (4 bytes).
    Removing lib_can.o(.rrx_text), (6 bytes).

52 unused section(s) (total 216886 bytes) removed from the image.

==============================================================================

Image Symbol Table

    Local Symbols

    Symbol Name                              Value     Ov Type        Size  Object(Section)

    RESET                                    0x00000000   Section      204  startup_lpc17xx.o(RESET)
    ../clib/angel/boardlib.s                 0x00000000   Number         0  boardshut.o ABSOLUTE
    ../clib/angel/boardlib.s                 0x00000000   Number         0  boardinit1.o ABSOLUTE
    ../clib/angel/boardlib.s                 0x00000000   Number         0  boardinit2.o ABSOLUTE
    ../clib/angel/boardlib.s                 0x00000000   Number         0  boardinit3.o ABSOLUTE
    ../clib/angel/handlers.s                 0x00000000   Number         0  __scatter_copy.o ABSOLUTE
    ../clib/angel/handlers.s                 0x00000000   Number         0  __scatter_zi.o ABSOLUTE
    ../clib/angel/kernel.s                   0x00000000   Number         0  __rtentry4.o ABSOLUTE
    ../clib/angel/kernel.s                   0x00000000   Number         0  rtexit.o ABSOLUTE
    ../clib/angel/kernel.s                   0x00000000   Number         0  __rtentry2.o ABSOLUTE
    ../clib/angel/kernel.s                   0x00000000   Number         0  __rtentry.o ABSOLUTE
    ../clib/angel/kernel.s                   0x00000000   Number         0  rtexit2.o ABSOLUTE
    ../clib/angel/rt.s                       0x00000000   Number         0  rt_raise.o ABSOLUTE
    ../clib/angel/scatter.s                  0x00000000   Number         0  __scatter.o ABSOLUTE
    ../clib/angel/startup.s                  0x00000000   Number         0  __main.o ABSOLUTE
    ../clib/angel/sys.s                      0x00000000   Number         0  sys_stackheap_outer.o ABSOLUTE
    ../clib/angel/sys.s                      0x00000000   Number         0  indicate_semi.o ABSOLUTE
    ../clib/angel/sys.s                      0x00000000   Number         0  use_no_semi.o ABSOLUTE
    ../clib/angel/sys.s                      0x00000000   Number         0  libspace.o ABSOLUTE
    ../clib/angel/sysapp.c                   0x00000000   Number         0  sys_command.o ABSOLUTE
    ../clib/angel/sysapp.c                   0x00000000   Number         0  sys_exit.o ABSOLUTE
    ../clib/angel/sysapp.c                   0x00000000   Number         0  sys_wrch.o ABSOLUTE
    ../clib/armsys.c                         0x00000000   Number         0  argv_veneer.o ABSOLUTE
    ../clib/armsys.c                         0x00000000   Number         0  no_argv.o ABSOLUTE
    ../clib/armsys.c                         0x00000000   Number         0  _get_argv_nomalloc.o ABSOLUTE
    ../clib/armsys.c                         0x00000000   Number         0  argv_veneer.o ABSOLUTE
    ../clib/heapalloc.c                      0x00000000   Number         0  hrguard.o ABSOLUTE
    ../clib/heapaux.c                        0x00000000   Number         0  heapauxi.o ABSOLUTE
    ../clib/libinit.s                        0x00000000   Number         0  libinit.o ABSOLUTE
    ../clib/libinit.s                        0x00000000   Number         0  libshutdown.o ABSOLUTE
    ../clib/libinit.s                        0x00000000   Number         0  libinit2.o ABSOLUTE
    ../clib/libinit.s                        0x00000000   Number         0  libshutdown2.o ABSOLUTE
    ../clib/memcpset.s                       0x00000000   Number         0  rt_memcpy_v6.o ABSOLUTE
    ../clib/memcpset.s                       0x00000000   Number         0  rt_memcpy_w.o ABSOLUTE
    ../clib/printf.c                         0x00000000   Number         0  noretval__2sprintf.o ABSOLUTE
    ../clib/printf.c                         0x00000000   Number         0  __2sprintf.o ABSOLUTE
    ../clib/printf.c                         0x00000000   Number         0  __printf_flags_ss_wp.o ABSOLUTE
    ../clib/printf.c                         0x00000000   Number         0  _printf_intcommon.o ABSOLUTE
    ../clib/printf.c                         0x00000000   Number         0  _printf_char_common.o ABSOLUTE
    ../clib/printf.c                         0x00000000   Number         0  _sputc.o ABSOLUTE
    ../clib/printf.c                         0x00000000   Number         0  __printf_flags_ss.o ABSOLUTE
    ../clib/printf.c                         0x00000000   Number         0  __printf_nopercent.o ABSOLUTE
    ../clib/printf.c                         0x00000000   Number         0  __printf_ss.o ABSOLUTE
    ../clib/printf.c                         0x00000000   Number         0  __printf_flags.o ABSOLUTE
    ../clib/printf.c                         0x00000000   Number         0  __printf_wp.o ABSOLUTE
    ../clib/printf.c                         0x00000000   Number         0  _printf_dec.o ABSOLUTE
    ../clib/printf.c                         0x00000000   Number         0  __printf_flags_wp.o ABSOLUTE
    ../clib/printf.c                         0x00000000   Number         0  __printf.o ABSOLUTE
    ../clib/printf.c                         0x00000000   Number         0  __printf_ss_wp.o ABSOLUTE
    ../clib/printf_percent.s                 0x00000000   Number         0  _printf_percent.o ABSOLUTE
    ../clib/printf_percent.s                 0x00000000   Number         0  _printf_d.o ABSOLUTE
    ../clib/printf_percent.s                 0x00000000   Number         0  _printf_percent_end.o ABSOLUTE
    ../clib/signal.c                         0x00000000   Number         0  __raise.o ABSOLUTE
    ../clib/signal.c                         0x00000000   Number         0  defsig_general.o ABSOLUTE
    ../clib/signal.c                         0x00000000   Number         0  defsig_abrt_inner.o ABSOLUTE
    ../clib/signal.c                         0x00000000   Number         0  defsig_fpe_inner.o ABSOLUTE
    ../clib/signal.c                         0x00000000   Number         0  defsig_rtred_inner.o ABSOLUTE
    ../clib/signal.c                         0x00000000   Number         0  defsig_stak_inner.o ABSOLUTE
    ../clib/signal.c                         0x00000000   Number         0  defsig_pvfn_inner.o ABSOLUTE
    ../clib/signal.c                         0x00000000   Number         0  defsig_cppl_inner.o ABSOLUTE
    ../clib/signal.c                         0x00000000   Number         0  defsig_segv_inner.o ABSOLUTE
    ../clib/signal.c                         0x00000000   Number         0  defsig_other.o ABSOLUTE
    ../clib/signal.c                         0x00000000   Number         0  defsig_rtmem_outer.o ABSOLUTE
    ../clib/signal.c                         0x00000000   Number         0  defsig_exit.o ABSOLUTE
    ../clib/signal.c                         0x00000000   Number         0  defsig_rtmem_formal.o ABSOLUTE
    ../clib/signal.c                         0x00000000   Number         0  defsig_rtmem_inner.o ABSOLUTE
    ../clib/signal.s                         0x00000000   Number         0  defsig.o ABSOLUTE
    ../clib/stdlib.c                         0x00000000   Number         0  exit.o ABSOLUTE
    ../fplib/fpinit.s                        0x00000000   Number         0  fpinit.o ABSOLUTE
    CAN\IRQ_CAN.c                            0x00000000   Number         0  irq_can.o ABSOLUTE
    CAN\\IRQ_CAN.c                           0x00000000   Number         0  irq_can.o ABSOLUTE
    CAN\\lib_CAN.c                           0x00000000   Number         0  lib_can.o ABSOLUTE
    CAN\can_manager.c                        0x00000000   Number         0  can_manager.o ABSOLUTE
    CAN\lib_CAN.c                            0x00000000   Number         0  lib_can.o ABSOLUTE
    GLCD\AsciiLib.c                          0x00000000   Number         0  asciilib.o ABSOLUTE
    GLCD\GLCD.c                              0x00000000   Number         0  glcd.o ABSOLUTE
    GLCD\HzLib.c                             0x00000000   Number         0  hzlib.o ABSOLUTE
    GLCD\\GLCD.c                             0x00000000   Number         0  glcd.o ABSOLUTE
    RIT\IRQ_RIT.c                            0x00000000   Number         0  irq_rit.o ABSOLUTE
    RIT\\IRQ_RIT.c                           0x00000000   Number         0  irq_rit.o ABSOLUTE
    RIT\\lib_RIT.c                           0x00000000   Number         0  lib_rit.o ABSOLUTE
    RIT\lib_RIT.c                            0x00000000   Number         0  lib_rit.o ABSOLUTE
    button_EXINT\IRQ_button.c                0x00000000   Number         0  irq_button.o ABSOLUTE
    button_EXINT\\IRQ_button.c               0x00000000   Number         0  irq_button.o ABSOLUTE
    button_EXINT\\lib_button.c               0x00000000   Number         0  lib_button.o ABSOLUTE
    button_EXINT\lib_button.c                0x00000000   Number         0  lib_button.o ABSOLUTE
    core_cm3.c                               0x00000000   Number         0  core_cm3.o ABSOLUTE
    core_cm3.c                               0x00000000   Number         0  core_cm3.o ABSOLUTE
    dc.s                                     0x00000000   Number         0  dc.o ABSOLUTE
    game\\quoridor.c                         0x00000000   Number         0  quoridor.o ABSOLUTE
    game\player.c                            0x00000000   Number         0  player.o ABSOLUTE
    game\quoridor.c                          0x00000000   Number         0  quoridor.o ABSOLUTE
    game\walls.c                             0x00000000   Number         0  walls.o ABSOLUTE
    graphics\\graphics.c                     0x00000000   Number         0  graphics.o ABSOLUTE
    graphics\graphics.c                      0x00000000   Number         0  graphics.o ABSOLUTE
    images\disco_dance.c                     0x00000000   Number         0  disco_dance.o ABSOLUTE
    images\the_pirate.c                      0x00000000   Number         0  the_pirate.o ABSOLUTE
    joystick\\funct_joystick.c               0x00000000   Number         0  funct_joystick.o ABSOLUTE
    joystick\\lib_joystick.c                 0x00000000   Number         0  lib_joystick.o ABSOLUTE
    joystick\funct_joystick.c                0x00000000   Number         0  funct_joystick.o ABSOLUTE
    joystick\lib_joystick.c                  0x00000000   Number         0  lib_joystick.o ABSOLUTE
    magda\magda.c                            0x00000000   Number         0  magda.o ABSOLUTE
    menu\\menu.c                             0x00000000   Number         0  menu.o ABSOLUTE
    menu\menu.c                              0x00000000   Number         0  menu.o ABSOLUTE
    sample.c                                 0x00000000   Number         0  sample.o ABSOLUTE
    sample.c                                 0x00000000   Number         0  sample.o ABSOLUTE
    startup_LPC17xx.s                        0x00000000   Number         0  startup_lpc17xx.o ABSOLUTE
    system_LPC17xx.c                         0x00000000   Number         0  system_lpc17xx.o ABSOLUTE
    system_LPC17xx.c                         0x00000000   Number         0  system_lpc17xx.o ABSOLUTE
    timer\IRQ_timer.c                        0x00000000   Number         0  irq_timer.o ABSOLUTE
    timer\\IRQ_timer.c                       0x00000000   Number         0  irq_timer.o ABSOLUTE
    timer\\lib_timer.c                       0x00000000   Number         0  lib_timer.o ABSOLUTE
    timer\lib_timer.c                        0x00000000   Number         0  lib_timer.o ABSOLUTE
    !!!main                                  0x000000cc   Section        8  __main.o(!!!main)
    !!!scatter                               0x000000d4   Section       52  __scatter.o(!!!scatter)
    !!handler_copy                           0x00000108   Section       26  __scatter_copy.o(!!handler_copy)
    !!handler_zi                             0x00000124   Section       28  __scatter_zi.o(!!handler_zi)
    .ARM.Collect$$_printf_percent$$00000000  0x00000140   Section        0  _printf_percent.o(.ARM.Collect$$_printf_percent$$00000000)
    .ARM.Collect$$_printf_percent$$00000009  0x00000140   Section        6  _printf_d.o(.ARM.Collect$$_printf_percent$$00000009)
    .ARM.Collect$$_printf_percent$$00000017  0x00000146   Section        4  _printf_percent_end.o(.ARM.Collect$$_printf_percent$$00000017)
    .ARM.Collect$$libinit$$00000000          0x0000014a   Section        2  libinit.o(.ARM.Collect$$libinit$$00000000)
    .ARM.Collect$$libinit$$00000002          0x0000014c   Section        0  libinit2.o(.ARM.Collect$$libinit$$00000002)
    .ARM.Collect$$libinit$$00000004          0x0000014c   Section        0  libinit2.o(.ARM.Collect$$libinit$$00000004)
    .ARM.Collect$$libinit$$0000000A          0x0000014c   Section        0  libinit2.o(.ARM.Collect$$libinit$$0000000A)
    .ARM.Collect$$libinit$$0000000C          0x0000014c   Section        0  libinit2.o(.ARM.Collect$$libinit$$0000000C)
    .ARM.Collect$$libinit$$0000000E          0x0000014c   Section        0  libinit2.o(.ARM.Collect$$libinit$$0000000E)
    .ARM.Collect$$libinit$$00000011          0x0000014c   Section        0  libinit2.o(.ARM.Collect$$libinit$$00000011)
    .ARM.Collect$$libinit$$00000013          0x0000014c   Section        0  libinit2.o(.ARM.Collect$$libinit$$00000013)
    .ARM.Collect$$libinit$$00000015          0x0000014c   Section        0  libinit2.o(.ARM.Collect$$libinit$$00000015)
    .ARM.Collect$$libinit$$00000017          0x0000014c   Section        0  libinit2.o(.ARM.Collect$$libinit$$00000017)
    .ARM.Collect$$libinit$$00000019          0x0000014c   Section        0  libinit2.o(.ARM.Collect$$libinit$$00000019)
    .ARM.Collect$$libinit$$0000001B          0x0000014c   Section        0  libinit2.o(.ARM.Collect$$libinit$$0000001B)
    .ARM.Collect$$libinit$$0000001D          0x0000014c   Section        0  libinit2.o(.ARM.Collect$$libinit$$0000001D)
    .ARM.Collect$$libinit$$0000001F          0x0000014c   Section        0  libinit2.o(.ARM.Collect$$libinit$$0000001F)
    .ARM.Collect$$libinit$$00000021          0x0000014c   Section        0  libinit2.o(.ARM.Collect$$libinit$$00000021)
    .ARM.Collect$$libinit$$00000023          0x0000014c   Section        0  libinit2.o(.ARM.Collect$$libinit$$00000023)
    .ARM.Collect$$libinit$$00000025          0x0000014c   Section        0  libinit2.o(.ARM.Collect$$libinit$$00000025)
    .ARM.Collect$$libinit$$0000002C          0x0000014c   Section        0  libinit2.o(.ARM.Collect$$libinit$$0000002C)
    .ARM.Collect$$libinit$$0000002E          0x0000014c   Section        0  libinit2.o(.ARM.Collect$$libinit$$0000002E)
    .ARM.Collect$$libinit$$00000030          0x0000014c   Section        0  libinit2.o(.ARM.Collect$$libinit$$00000030)
    .ARM.Collect$$libinit$$00000032          0x0000014c   Section        0  libinit2.o(.ARM.Collect$$libinit$$00000032)
    .ARM.Collect$$libinit$$00000033          0x0000014c   Section        2  libinit2.o(.ARM.Collect$$libinit$$00000033)
    .ARM.Collect$$libshutdown$$00000000      0x0000014e   Section        2  libshutdown.o(.ARM.Collect$$libshutdown$$00000000)
    .ARM.Collect$$libshutdown$$00000002      0x00000150   Section        0  libshutdown2.o(.ARM.Collect$$libshutdown$$00000002)
    .ARM.Collect$$libshutdown$$00000004      0x00000150   Section        0  libshutdown2.o(.ARM.Collect$$libshutdown$$00000004)
    .ARM.Collect$$libshutdown$$00000006      0x00000150   Section        0  libshutdown2.o(.ARM.Collect$$libshutdown$$00000006)
    .ARM.Collect$$libshutdown$$00000009      0x00000150   Section        0  libshutdown2.o(.ARM.Collect$$libshutdown$$00000009)
    .ARM.Collect$$libshutdown$$0000000C      0x00000150   Section        0  libshutdown2.o(.ARM.Collect$$libshutdown$$0000000C)
    .ARM.Collect$$libshutdown$$0000000E      0x00000150   Section        0  libshutdown2.o(.ARM.Collect$$libshutdown$$0000000E)
    .ARM.Collect$$libshutdown$$00000011      0x00000150   Section        0  libshutdown2.o(.ARM.Collect$$libshutdown$$00000011)
    .ARM.Collect$$libshutdown$$00000012      0x00000150   Section        2  libshutdown2.o(.ARM.Collect$$libshutdown$$00000012)
    .ARM.Collect$$rtentry$$00000000          0x00000152   Section        0  __rtentry.o(.ARM.Collect$$rtentry$$00000000)
    .ARM.Collect$$rtentry$$00000002          0x00000152   Section        0  __rtentry2.o(.ARM.Collect$$rtentry$$00000002)
    .ARM.Collect$$rtentry$$00000004          0x00000152   Section        6  __rtentry4.o(.ARM.Collect$$rtentry$$00000004)
    .ARM.Collect$$rtentry$$00000009          0x00000158   Section        0  __rtentry2.o(.ARM.Collect$$rtentry$$00000009)
    .ARM.Collect$$rtentry$$0000000A          0x00000158   Section        4  __rtentry2.o(.ARM.Collect$$rtentry$$0000000A)
    .ARM.Collect$$rtentry$$0000000C          0x0000015c   Section        0  __rtentry2.o(.ARM.Collect$$rtentry$$0000000C)
    .ARM.Collect$$rtentry$$0000000D          0x0000015c   Section        8  __rtentry2.o(.ARM.Collect$$rtentry$$0000000D)
    .ARM.Collect$$rtexit$$00000000           0x00000164   Section        2  rtexit.o(.ARM.Collect$$rtexit$$00000000)
    .ARM.Collect$$rtexit$$00000002           0x00000166   Section        0  rtexit2.o(.ARM.Collect$$rtexit$$00000002)
    .ARM.Collect$$rtexit$$00000003           0x00000166   Section        4  rtexit2.o(.ARM.Collect$$rtexit$$00000003)
    .ARM.Collect$$rtexit$$00000004           0x0000016a   Section        6  rtexit2.o(.ARM.Collect$$rtexit$$00000004)
    .text                                    0x00000170   Section       52  startup_lpc17xx.o(.text)
    .text                                    0x000001a4   Section        0  sample.o(.text)
    .text                                    0x000001f4   Section        0  asciilib.o(.text)
    .text                                    0x00000214   Section        0  lib_joystick.o(.text)
    .text                                    0x00000298   Section        0  can_manager.o(.text)
    .text                                    0x000002e4   Section        0  heapauxi.o(.text)
    .text                                    0x000002ea   Section        0  _sputc.o(.text)
    .text                                    0x000002f4   Section        8  libspace.o(.text)
    .ARM.__at_0x02FC                         0x000002fc   Section        4  startup_lpc17xx.o(.ARM.__at_0x02FC)
    .text                                    0x00000300   Section        0  system_lpc17xx.o(.text)
    .text                                    0x0000054c   Section        0  glcd.o(.text)
    LCD_Configuration                        0x0000054d   Thumb Code    20  glcd.o(.text)
    wait_delay                               0x00000561   Thumb Code    12  glcd.o(.text)
    LCD_SetCursor                            0x0000056d   Thumb Code  1356  glcd.o(.text)
    delay_ms                                 0x00000ab9   Thumb Code    30  glcd.o(.text)
    LCD_BGR2RGB                              0x00003fb5   Thumb Code    26  glcd.o(.text)
    .text                                    0x00004630   Section        0  irq_button.o(.text)
    __NVIC_DisableIRQ                        0x00004631   Thumb Code    30  irq_button.o(.text)
    .text                                    0x000046e8   Section        0  lib_button.o(.text)
    __NVIC_EnableIRQ                         0x000046e9   Thumb Code    34  lib_button.o(.text)
    __NVIC_SetPriority                       0x0000470b   Thumb Code    32  lib_button.o(.text)
    .text                                    0x000047bc   Section        0  irq_rit.o(.text)
    __NVIC_EnableIRQ                         0x000047bd   Thumb Code    34  irq_rit.o(.text)
    .text                                    0x00004ae8   Section        0  lib_rit.o(.text)
    .text                                    0x00004b7c   Section        0  irq_timer.o(.text)
    .text                                    0x00004bf4   Section        0  lib_timer.o(.text)
    __NVIC_EnableIRQ                         0x00004bf5   Thumb Code    34  lib_timer.o(.text)
    __NVIC_SetPriority                       0x00004c17   Thumb Code    32  lib_timer.o(.text)
    .text                                    0x00004efc   Section        0  quoridor.o(.text)
    .text                                    0x00005a08   Section        0  player.o(.text)
    .text                                    0x00006790   Section        0  walls.o(.text)
    .text                                    0x00007238   Section        0  graphics.o(.text)
    .text                                    0x0000824c   Section        0  magda.o(.text)
    .text                                    0x00008d48   Section        0  menu.o(.text)
    .text                                    0x00009378   Section        0  irq_can.o(.text)
    .text                                    0x00009484   Section        0  lib_can.o(.text)
    __NVIC_EnableIRQ                         0x00009485   Thumb Code    34  lib_can.o(.text)
    CAN_cfgBaudrate                          0x000094a7   Thumb Code    70  lib_can.o(.text)
    .text                                    0x000099a4   Section        0  noretval__2sprintf.o(.text)
    .text                                    0x000099cc   Section        0  __printf.o(.text)
    .text                                    0x00009a34   Section        0  _printf_dec.o(.text)
    .text                                    0x00009aac   Section      138  rt_memcpy_v6.o(.text)
    .text                                    0x00009b36   Section        0  _printf_intcommon.o(.text)
    .text                                    0x00009be8   Section        0  _printf_char_common.o(.text)
    _printf_input_char                       0x00009be9   Thumb Code    10  _printf_char_common.o(.text)
    .text                                    0x00009c18   Section      100  rt_memcpy_w.o(.text)
    .text                                    0x00009c7c   Section       74  sys_stackheap_outer.o(.text)
    .text                                    0x00009cc6   Section        0  exit.o(.text)
    .text                                    0x00009cd8   Section        0  sys_exit.o(.text)
    .text                                    0x00009ce4   Section        2  use_no_semi.o(.text)
    .constdata                               0x00009ce6   Section     1520  asciilib.o(.constdata)
    .text                                    0x00009ce6   Section        0  indicate_semi.o(.text)
    AsciiLib                                 0x00009ce6   Data        1520  asciilib.o(.constdata)
    .constdata                               0x0000a2d8   Section     3776  graphics.o(.constdata)
    disco_dance                              0x0000a2d8   Data        1888  graphics.o(.constdata)
    the_pirate                               0x0000aa38   Data        1888  graphics.o(.constdata)
    .constdata                               0x0000b198   Section       68  lib_can.o(.constdata)
    STACK                                    0x10000000   Section     4095  startup_lpc17xx.o(STACK)
    Stack_Mem                                0x10000000   Data        4095  startup_lpc17xx.o(STACK)
    __initial_sp                             0x10000fff   Data           0  startup_lpc17xx.o(STACK)
    .data                                    0x2007c000   Section       11  sample.o(.data)
    .data                                    0x2007c00c   Section        5  system_lpc17xx.o(.data)
    .data                                    0x2007c011   Section        1  glcd.o(.data)
    LCD_Code                                 0x2007c011   Data           1  glcd.o(.data)
    .data                                    0x2007c014   Section       52  irq_rit.o(.data)
    j_select                                 0x2007c024   Data           4  irq_rit.o(.data)
    j_left                                   0x2007c028   Data           4  irq_rit.o(.data)
    j_right                                  0x2007c02c   Data           4  irq_rit.o(.data)
    j_down                                   0x2007c030   Data           4  irq_rit.o(.data)
    j_up                                     0x2007c034   Data           4  irq_rit.o(.data)
    j_up_left                                0x2007c038   Data           4  irq_rit.o(.data)
    j_up_right                               0x2007c03c   Data           4  irq_rit.o(.data)
    j_down_left                              0x2007c040   Data           4  irq_rit.o(.data)
    j_down_right                             0x2007c044   Data           4  irq_rit.o(.data)
    .data                                    0x2007c048   Section       26  irq_can.o(.data)
    puntiRicevuti1                           0x2007c048   Data           4  irq_can.o(.data)
    puntiInviati1                            0x2007c04c   Data           4  irq_can.o(.data)
    puntiRicevuti2                           0x2007c050   Data           4  irq_can.o(.data)
    puntiInviati2                            0x2007c054   Data           4  irq_can.o(.data)
    .data                                    0x2007c064   Section       16  lib_can.o(.data)
    CAN_std_cnt                              0x2007c06c   Data           4  lib_can.o(.data)
    CAN_ext_cnt                              0x2007c070   Data           4  lib_can.o(.data)
    .bss                                     0x2007c074   Section     2212  sample.o(.bss)
    .bss                                     0x2007c918   Section       32  lib_can.o(.bss)
    .bss                                     0x2007c938   Section       96  libspace.o(.bss)
    HEAP                                     0x2007c998   Section        0  startup_lpc17xx.o(HEAP)
    Heap_Mem                                 0x2007c998   Data           0  startup_lpc17xx.o(HEAP)

    Global Symbols

    Symbol Name                              Value     Ov Type        Size  Object(Section)

    BuildAttributes$$THM_ISAv4$P$D$K$B$S$PE$A:L22UL41UL21$X:L11$S22US41US21$IEEE1$IW$USESV6$~STKCKD$USESV7$~SHL$OSPACE$ROPI$EBA8$UX$STANDARDLIB$REQ8$PRES8$EABIv2 0x00000000   Number         0  anon$$obj.o ABSOLUTE
    __ARM_use_no_argv                        0x00000000   Number         0  sample.o ABSOLUTE
    __Vectors                                0x00000000   Data           4  startup_lpc17xx.o(RESET)
    __ARM_exceptions_init                     - Undefined Weak Reference
    __alloca_initialize                       - Undefined Weak Reference
    __arm_fini_                               - Undefined Weak Reference
    __arm_preinit_                            - Undefined Weak Reference
    __cpp_initialize__aeabi_                  - Undefined Weak Reference
    __cxa_finalize                            - Undefined Weak Reference
    __rt_locale                               - Undefined Weak Reference
    __sigvec_lookup                           - Undefined Weak Reference
    _atexit_init                              - Undefined Weak Reference
    _call_atexit_fns                          - Undefined Weak Reference
    _clock_init                               - Undefined Weak Reference
    _fp_trap_init                             - Undefined Weak Reference
    _fp_trap_shutdown                         - Undefined Weak Reference
    _get_lc_collate                           - Undefined Weak Reference
    _get_lc_ctype                             - Undefined Weak Reference
    _get_lc_monetary                          - Undefined Weak Reference
    _get_lc_numeric                           - Undefined Weak Reference
    _get_lc_time                              - Undefined Weak Reference
    _getenv_init                              - Undefined Weak Reference
    _handle_redirection                       - Undefined Weak Reference
    _init_alloc                               - Undefined Weak Reference
    _init_user_alloc                          - Undefined Weak Reference
    _initio                                   - Undefined Weak Reference
    _printf_post_padding                      - Undefined Weak Reference
    _printf_pre_padding                       - Undefined Weak Reference
    _printf_truncate_signed                   - Undefined Weak Reference
    _printf_truncate_unsigned                 - Undefined Weak Reference
    _rand_init                                - Undefined Weak Reference
    _signal_finish                            - Undefined Weak Reference
    _signal_init                              - Undefined Weak Reference
    _terminate_alloc                          - Undefined Weak Reference
    _terminate_user_alloc                     - Undefined Weak Reference
    _terminateio                              - Undefined Weak Reference
    __main                                   0x000000cd   Thumb Code     8  __main.o(!!!main)
    __scatterload                            0x000000d5   Thumb Code     0  __scatter.o(!!!scatter)
    __scatterload_rt2                        0x000000d5   Thumb Code    44  __scatter.o(!!!scatter)
    __scatterload_rt2_thumb_only             0x000000d5   Thumb Code     0  __scatter.o(!!!scatter)
    __scatterload_null                       0x000000e3   Thumb Code     0  __scatter.o(!!!scatter)
    __scatterload_copy                       0x00000109   Thumb Code    26  __scatter_copy.o(!!handler_copy)
    __scatterload_zeroinit                   0x00000125   Thumb Code    28  __scatter_zi.o(!!handler_zi)
    _printf_d                                0x00000141   Thumb Code     0  _printf_d.o(.ARM.Collect$$_printf_percent$$00000009)
    _printf_percent                          0x00000141   Thumb Code     0  _printf_percent.o(.ARM.Collect$$_printf_percent$$00000000)
    _printf_percent_end                      0x00000147   Thumb Code     0  _printf_percent_end.o(.ARM.Collect$$_printf_percent$$00000017)
    __rt_lib_init                            0x0000014b   Thumb Code     0  libinit.o(.ARM.Collect$$libinit$$00000000)
    __rt_lib_init_alloca_1                   0x0000014d   Thumb Code     0  libinit2.o(.ARM.Collect$$libinit$$0000002E)
    __rt_lib_init_argv_1                     0x0000014d   Thumb Code     0  libinit2.o(.ARM.Collect$$libinit$$0000002C)
    __rt_lib_init_atexit_1                   0x0000014d   Thumb Code     0  libinit2.o(.ARM.Collect$$libinit$$0000001B)
    __rt_lib_init_clock_1                    0x0000014d   Thumb Code     0  libinit2.o(.ARM.Collect$$libinit$$00000021)
    __rt_lib_init_cpp_1                      0x0000014d   Thumb Code     0  libinit2.o(.ARM.Collect$$libinit$$00000032)
    __rt_lib_init_exceptions_1               0x0000014d   Thumb Code     0  libinit2.o(.ARM.Collect$$libinit$$00000030)
    __rt_lib_init_fp_1                       0x0000014d   Thumb Code     0  libinit2.o(.ARM.Collect$$libinit$$00000002)
    __rt_lib_init_fp_trap_1                  0x0000014d   Thumb Code     0  libinit2.o(.ARM.Collect$$libinit$$0000001F)
    __rt_lib_init_getenv_1                   0x0000014d   Thumb Code     0  libinit2.o(.ARM.Collect$$libinit$$00000023)
    __rt_lib_init_heap_1                     0x0000014d   Thumb Code     0  libinit2.o(.ARM.Collect$$libinit$$0000000A)
    __rt_lib_init_lc_collate_1               0x0000014d   Thumb Code     0  libinit2.o(.ARM.Collect$$libinit$$00000011)
    __rt_lib_init_lc_ctype_1                 0x0000014d   Thumb Code     0  libinit2.o(.ARM.Collect$$libinit$$00000013)
    __rt_lib_init_lc_monetary_1              0x0000014d   Thumb Code     0  libinit2.o(.ARM.Collect$$libinit$$00000015)
    __rt_lib_init_lc_numeric_1               0x0000014d   Thumb Code     0  libinit2.o(.ARM.Collect$$libinit$$00000017)
    __rt_lib_init_lc_time_1                  0x0000014d   Thumb Code     0  libinit2.o(.ARM.Collect$$libinit$$00000019)
    __rt_lib_init_preinit_1                  0x0000014d   Thumb Code     0  libinit2.o(.ARM.Collect$$libinit$$00000004)
    __rt_lib_init_rand_1                     0x0000014d   Thumb Code     0  libinit2.o(.ARM.Collect$$libinit$$0000000E)
    __rt_lib_init_return                     0x0000014d   Thumb Code     0  libinit2.o(.ARM.Collect$$libinit$$00000033)
    __rt_lib_init_signal_1                   0x0000014d   Thumb Code     0  libinit2.o(.ARM.Collect$$libinit$$0000001D)
    __rt_lib_init_stdio_1                    0x0000014d   Thumb Code     0  libinit2.o(.ARM.Collect$$libinit$$00000025)
    __rt_lib_init_user_alloc_1               0x0000014d   Thumb Code     0  libinit2.o(.ARM.Collect$$libinit$$0000000C)
    __rt_lib_shutdown                        0x0000014f   Thumb Code     0  libshutdown.o(.ARM.Collect$$libshutdown$$00000000)
    __rt_lib_shutdown_cpp_1                  0x00000151   Thumb Code     0  libshutdown2.o(.ARM.Collect$$libshutdown$$00000004)
    __rt_lib_shutdown_fini_1                 0x00000151   Thumb Code     0  libshutdown2.o(.ARM.Collect$$libshutdown$$00000002)
    __rt_lib_shutdown_fp_trap_1              0x00000151   Thumb Code     0  libshutdown2.o(.ARM.Collect$$libshutdown$$00000009)
    __rt_lib_shutdown_heap_1                 0x00000151   Thumb Code     0  libshutdown2.o(.ARM.Collect$$libshutdown$$00000011)
    __rt_lib_shutdown_return                 0x00000151   Thumb Code     0  libshutdown2.o(.ARM.Collect$$libshutdown$$00000012)
    __rt_lib_shutdown_signal_1               0x00000151   Thumb Code     0  libshutdown2.o(.ARM.Collect$$libshutdown$$0000000C)
    __rt_lib_shutdown_stdio_1                0x00000151   Thumb Code     0  libshutdown2.o(.ARM.Collect$$libshutdown$$00000006)
    __rt_lib_shutdown_user_alloc_1           0x00000151   Thumb Code     0  libshutdown2.o(.ARM.Collect$$libshutdown$$0000000E)
    __rt_entry                               0x00000153   Thumb Code     0  __rtentry.o(.ARM.Collect$$rtentry$$00000000)
    __rt_entry_presh_1                       0x00000153   Thumb Code     0  __rtentry2.o(.ARM.Collect$$rtentry$$00000002)
    __rt_entry_sh                            0x00000153   Thumb Code     0  __rtentry4.o(.ARM.Collect$$rtentry$$00000004)
    __rt_entry_li                            0x00000159   Thumb Code     0  __rtentry2.o(.ARM.Collect$$rtentry$$0000000A)
    __rt_entry_postsh_1                      0x00000159   Thumb Code     0  __rtentry2.o(.ARM.Collect$$rtentry$$00000009)
    __rt_entry_main                          0x0000015d   Thumb Code     0  __rtentry2.o(.ARM.Collect$$rtentry$$0000000D)
    __rt_entry_postli_1                      0x0000015d   Thumb Code     0  __rtentry2.o(.ARM.Collect$$rtentry$$0000000C)
    __rt_exit                                0x00000165   Thumb Code     0  rtexit.o(.ARM.Collect$$rtexit$$00000000)
    __rt_exit_ls                             0x00000167   Thumb Code     0  rtexit2.o(.ARM.Collect$$rtexit$$00000003)
    __rt_exit_prels_1                        0x00000167   Thumb Code     0  rtexit2.o(.ARM.Collect$$rtexit$$00000002)
    __rt_exit_exit                           0x0000016b   Thumb Code     0  rtexit2.o(.ARM.Collect$$rtexit$$00000004)
    Reset_Handler                            0x00000171   Thumb Code     4  startup_lpc17xx.o(.text)
    NMI_Handler                              0x00000175   Thumb Code     2  startup_lpc17xx.o(.text)
    HardFault_Handler                        0x00000177   Thumb Code     2  startup_lpc17xx.o(.text)
    MemManage_Handler                        0x00000179   Thumb Code     2  startup_lpc17xx.o(.text)
    BusFault_Handler                         0x0000017b   Thumb Code     2  startup_lpc17xx.o(.text)
    UsageFault_Handler                       0x0000017d   Thumb Code     2  startup_lpc17xx.o(.text)
    SVC_Handler                              0x0000017f   Thumb Code     2  startup_lpc17xx.o(.text)
    DebugMon_Handler                         0x00000181   Thumb Code     2  startup_lpc17xx.o(.text)
    PendSV_Handler                           0x00000183   Thumb Code     2  startup_lpc17xx.o(.text)
    SysTick_Handler                          0x00000185   Thumb Code     2  startup_lpc17xx.o(.text)
    ADC_IRQHandler                           0x00000187   Thumb Code     0  startup_lpc17xx.o(.text)
    BOD_IRQHandler                           0x00000187   Thumb Code     0  startup_lpc17xx.o(.text)
    CANActivity_IRQHandler                   0x00000187   Thumb Code     0  startup_lpc17xx.o(.text)
    DMA_IRQHandler                           0x00000187   Thumb Code     0  startup_lpc17xx.o(.text)
    EINT3_IRQHandler                         0x00000187   Thumb Code     0  startup_lpc17xx.o(.text)
    ENET_IRQHandler                          0x00000187   Thumb Code     0  startup_lpc17xx.o(.text)
    I2C0_IRQHandler                          0x00000187   Thumb Code     0  startup_lpc17xx.o(.text)
    I2C1_IRQHandler                          0x00000187   Thumb Code     0  startup_lpc17xx.o(.text)
    I2C2_IRQHandler                          0x00000187   Thumb Code     0  startup_lpc17xx.o(.text)
    I2S_IRQHandler                           0x00000187   Thumb Code     0  startup_lpc17xx.o(.text)
    MCPWM_IRQHandler                         0x00000187   Thumb Code     0  startup_lpc17xx.o(.text)
    PLL0_IRQHandler                          0x00000187   Thumb Code     0  startup_lpc17xx.o(.text)
    PLL1_IRQHandler                          0x00000187   Thumb Code     0  startup_lpc17xx.o(.text)
    PWM1_IRQHandler                          0x00000187   Thumb Code     0  startup_lpc17xx.o(.text)
    QEI_IRQHandler                           0x00000187   Thumb Code     0  startup_lpc17xx.o(.text)
    RTC_IRQHandler                           0x00000187   Thumb Code     0  startup_lpc17xx.o(.text)
    SPI_IRQHandler                           0x00000187   Thumb Code     0  startup_lpc17xx.o(.text)
    SSP0_IRQHandler                          0x00000187   Thumb Code     0  startup_lpc17xx.o(.text)
    SSP1_IRQHandler                          0x00000187   Thumb Code     0  startup_lpc17xx.o(.text)
    UART0_IRQHandler                         0x00000187   Thumb Code     0  startup_lpc17xx.o(.text)
    UART1_IRQHandler                         0x00000187   Thumb Code     0  startup_lpc17xx.o(.text)
    UART2_IRQHandler                         0x00000187   Thumb Code     0  startup_lpc17xx.o(.text)
    UART3_IRQHandler                         0x00000187   Thumb Code     0  startup_lpc17xx.o(.text)
    USBActivity_IRQHandler                   0x00000187   Thumb Code     0  startup_lpc17xx.o(.text)
    USB_IRQHandler                           0x00000187   Thumb Code     0  startup_lpc17xx.o(.text)
    WDT_IRQHandler                           0x00000187   Thumb Code     0  startup_lpc17xx.o(.text)
    __user_initial_stackheap                 0x00000189   Thumb Code     0  startup_lpc17xx.o(.text)
    main                                     0x000001a5   Thumb Code    70  sample.o(.text)
    GetASCIICode                             0x000001f5   Thumb Code    26  asciilib.o(.text)
    joystick_init                            0x00000215   Thumb Code   122  lib_joystick.o(.text)
    send_ack                                 0x00000299   Thumb Code    30  can_manager.o(.text)
    send_last_move                           0x000002b7   Thumb Code    34  can_manager.o(.text)
    __use_two_region_memory                  0x000002e5   Thumb Code     2  heapauxi.o(.text)
    __rt_heap_escrow$2region                 0x000002e7   Thumb Code     2  heapauxi.o(.text)
    __rt_heap_expand$2region                 0x000002e9   Thumb Code     2  heapauxi.o(.text)
    _sputc                                   0x000002eb   Thumb Code    10  _sputc.o(.text)
    __user_libspace                          0x000002f5   Thumb Code     8  libspace.o(.text)
    __user_perproc_libspace                  0x000002f5   Thumb Code     0  libspace.o(.text)
    __user_perthread_libspace                0x000002f5   Thumb Code     0  libspace.o(.text)
    SystemInit                               0x00000301   Thumb Code   552  system_lpc17xx.o(.text)
    LCD_Initialization                       0x00000ad7   Thumb Code 12014  glcd.o(.text)
    LCD_Clear                                0x000039c5   Thumb Code  1520  glcd.o(.text)
    LCD_GetPoint                             0x00003fcf   Thumb Code   994  glcd.o(.text)
    LCD_SetPoint                             0x000043b1   Thumb Code   206  glcd.o(.text)
    LCD_DrawLine                             0x0000447f   Thumb Code   250  glcd.o(.text)
    PutChar                                  0x00004579   Thumb Code   100  glcd.o(.text)
    GUI_Text                                 0x000045dd   Thumb Code    80  glcd.o(.text)
    EINT0_IRQHandler                         0x0000464f   Thumb Code    42  irq_button.o(.text)
    EINT1_IRQHandler                         0x00004679   Thumb Code    42  irq_button.o(.text)
    EINT2_IRQHandler                         0x000046a3   Thumb Code    42  irq_button.o(.text)
    BUTTON_init                              0x0000472b   Thumb Code   124  lib_button.o(.text)
    RIT_IRQHandler                           0x000047df   Thumb Code   714  irq_rit.o(.text)
    enable_RIT                               0x00004ae9   Thumb Code    14  lib_rit.o(.text)
    disable_RIT                              0x00004af7   Thumb Code    14  lib_rit.o(.text)
    reset_RIT                                0x00004b05   Thumb Code     8  lib_rit.o(.text)
    init_RIT                                 0x00004b0d   Thumb Code    98  lib_rit.o(.text)
    TIMER0_IRQHandler                        0x00004b7d   Thumb Code    80  irq_timer.o(.text)
    TIMER1_IRQHandler                        0x00004bcd   Thumb Code     8  irq_timer.o(.text)
    TIMER2_IRQHandler                        0x00004bd5   Thumb Code     8  irq_timer.o(.text)
    TIMER3_IRQHandler                        0x00004bdd   Thumb Code     8  irq_timer.o(.text)
    enable_timer                             0x00004c37   Thumb Code    44  lib_timer.o(.text)
    disable_timer                            0x00004c63   Thumb Code    44  lib_timer.o(.text)
    reset_timer                              0x00004c8f   Thumb Code    62  lib_timer.o(.text)
    init_timer                               0x00004ccd   Thumb Code   540  lib_timer.o(.text)
    save_last_move                           0x00004efd   Thumb Code   218  quoridor.o(.text)
    game_over                                0x00004fd7   Thumb Code    48  quoridor.o(.text)
    confirm_player_move                      0x00005007   Thumb Code   296  quoridor.o(.text)
    p1_bot_turn                              0x0000512f   Thumb Code   350  quoridor.o(.text)
    p1_turn                                  0x0000528d   Thumb Code    46  quoridor.o(.text)
    p2_turn                                  0x000052bb   Thumb Code    44  quoridor.o(.text)
    reset_p2_token                           0x000052e7   Thumb Code    38  quoridor.o(.text)
    reset_p1_token                           0x0000530d   Thumb Code    38  quoridor.o(.text)
    p2_remote_turn                           0x00005333   Thumb Code    36  quoridor.o(.text)
    turn_manager                             0x00005357   Thumb Code   552  quoridor.o(.text)
    board_cell_type_init                     0x0000557f   Thumb Code   172  quoridor.o(.text)
    game_start                               0x0000562b   Thumb Code    78  quoridor.o(.text)
    p1_remote_turn                           0x00005679   Thumb Code    36  quoridor.o(.text)
    p2_bot_turn                              0x0000569d   Thumb Code   352  quoridor.o(.text)
    move_dispatcher                          0x000057fd   Thumb Code   248  quoridor.o(.text)
    select_button_pressed                    0x000058f5   Thumb Code    32  quoridor.o(.text)
    wall_mode_exit                           0x00005915   Thumb Code    20  quoridor.o(.text)
    wall_mode_enter                          0x00005929   Thumb Code    38  quoridor.o(.text)
    key1_button_pressed                      0x0000594f   Thumb Code    50  quoridor.o(.text)
    key2_button_pressed                      0x00005981   Thumb Code    18  quoridor.o(.text)
    decode_last_move                         0x00005993   Thumb Code    90  quoridor.o(.text)
    init_players                             0x00005a09   Thumb Code   132  player.o(.text)
    add_move                                 0x00005a8d   Thumb Code    84  player.o(.text)
    find_available_moves                     0x00005ae1   Thumb Code  1082  player.o(.text)
    move_player                              0x00005f1b   Thumb Code  2164  player.o(.text)
    current_wall_init                        0x00006791   Thumb Code    52  walls.o(.text)
    current_wall_move                        0x000067c5   Thumb Code    12  walls.o(.text)
    move_wall                                0x000067d1   Thumb Code   370  walls.o(.text)
    remove_current_wall                      0x00006943   Thumb Code   100  walls.o(.text)
    terminal_node                            0x000069a7   Thumb Code    34  walls.o(.text)
    enqueue                                  0x000069c9   Thumb Code    76  walls.o(.text)
    add_bfs_node                             0x00006a15   Thumb Code    54  walls.o(.text)
    dequeue                                  0x00006a4b   Thumb Code    58  walls.o(.text)
    cells_not_visited                        0x00006a85   Thumb Code    46  walls.o(.text)
    bfs                                      0x00006ab3   Thumb Code  1022  walls.o(.text)
    feasible_path                            0x00006eb1   Thumb Code    32  walls.o(.text)
    legal_wall_placement                     0x00006ed1   Thumb Code    34  walls.o(.text)
    place_current_wall                       0x00006ef3   Thumb Code   100  walls.o(.text)
    confirm_wall_placement                   0x00006f57   Thumb Code   288  walls.o(.text)
    find_all_possible_walls                  0x00007077   Thumb Code   440  walls.o(.text)
    draw_board                               0x00007239   Thumb Code   442  graphics.o(.text)
    draw_player_token                        0x000073f3   Thumb Code   236  graphics.o(.text)
    delete_player_token                      0x000074df   Thumb Code   118  graphics.o(.text)
    draw_available_move                      0x00007555   Thumb Code   120  graphics.o(.text)
    show_available_moves                     0x000075cd   Thumb Code    90  graphics.o(.text)
    update_player_token_pos                  0x00007627   Thumb Code    76  graphics.o(.text)
    clear_available_move                     0x00007673   Thumb Code   118  graphics.o(.text)
    delete_available_moves                   0x000076e9   Thumb Code    90  graphics.o(.text)
    ticks_counter_update                     0x00007743   Thumb Code   162  graphics.o(.text)
    p1_walls_update                          0x000077e5   Thumb Code    40  graphics.o(.text)
    p2_walls_update                          0x0000780d   Thumb Code    40  graphics.o(.text)
    clear_text_area                          0x00007835   Thumb Code    34  graphics.o(.text)
    show_winner_message                      0x00007857   Thumb Code    82  graphics.o(.text)
    get_current_wall_screen_coordinates      0x000078a9   Thumb Code   114  graphics.o(.text)
    draw_current_wall                        0x0000791b   Thumb Code   230  graphics.o(.text)
    delete_current_wall                      0x00007a01   Thumb Code  1896  graphics.o(.text)
    p1_no_more_walls                         0x00008169   Thumb Code    50  graphics.o(.text)
    p2_no_more_walls                         0x0000819b   Thumb Code    50  graphics.o(.text)
    p1_illegal_wall                          0x000081cd   Thumb Code    30  graphics.o(.text)
    p2_illegal_wall                          0x000081eb   Thumb Code    30  graphics.o(.text)
    minimax_swap_turn                        0x0000824d   Thumb Code    28  magda.o(.text)
    minimax_unplace_wall                     0x00008269   Thumb Code    64  magda.o(.text)
    minimax_place_wall                       0x000082a9   Thumb Code    64  magda.o(.text)
    minimax_unmove_player                    0x000082e9   Thumb Code    74  magda.o(.text)
    minimax_move_player                      0x00008333   Thumb Code    74  magda.o(.text)
    state_eval                               0x0000837d   Thumb Code   104  magda.o(.text)
    minimax_game_over                        0x000083e5   Thumb Code    38  magda.o(.text)
    MAX                                      0x0000840b   Thumb Code   370  magda.o(.text)
    MIN                                      0x0000857d   Thumb Code   376  magda.o(.text)
    minimax                                  0x000086f5   Thumb Code   312  magda.o(.text)
    MAX_alfa_beta                            0x0000882d   Thumb Code   438  magda.o(.text)
    MIN_alfa_beta                            0x000089e3   Thumb Code   438  magda.o(.text)
    minimax_alfa_beta                        0x00008b99   Thumb Code   424  magda.o(.text)
    show_int0_message                        0x00008d49   Thumb Code    72  menu.o(.text)
    menu_init                                0x00008d91   Thumb Code     8  menu.o(.text)
    show_game_mode_menu                      0x00008d99   Thumb Code    90  menu.o(.text)
    update_two_board_menu                    0x00008df3   Thumb Code   382  menu.o(.text)
    update_single_board_menu                 0x00008f71   Thumb Code   298  menu.o(.text)
    show_two_board_menu                      0x0000909b   Thumb Code   134  menu.o(.text)
    show_single_board_menu                   0x00009121   Thumb Code   304  menu.o(.text)
    update_game_mode_menu                    0x00009251   Thumb Code   164  menu.o(.text)
    menu_manager                             0x000092f5   Thumb Code    78  menu.o(.text)
    CAN_IRQHandler                           0x00009379   Thumb Code   206  irq_can.o(.text)
    CAN_setup                                0x000094ed   Thumb Code   140  lib_can.o(.text)
    CAN_start                                0x00009579   Thumb Code    18  lib_can.o(.text)
    CAN_waitReady                            0x0000958b   Thumb Code    26  lib_can.o(.text)
    CAN_wrMsg                                0x000095a5   Thumb Code    84  lib_can.o(.text)
    CAN_rdMsg                                0x000095f9   Thumb Code    52  lib_can.o(.text)
    CAN_wrFilter                             0x0000962d   Thumb Code   822  lib_can.o(.text)
    CAN_Init                                 0x00009963   Thumb Code    50  lib_can.o(.text)
    __2sprintf                               0x000099a5   Thumb Code    34  noretval__2sprintf.o(.text)
    __printf                                 0x000099cd   Thumb Code   104  __printf.o(.text)
    _printf_int_dec                          0x00009a35   Thumb Code   104  _printf_dec.o(.text)
    __aeabi_memcpy                           0x00009aad   Thumb Code     0  rt_memcpy_v6.o(.text)
    __rt_memcpy                              0x00009aad   Thumb Code   138  rt_memcpy_v6.o(.text)
    _memcpy_lastbytes                        0x00009b13   Thumb Code     0  rt_memcpy_v6.o(.text)
    _printf_int_common                       0x00009b37   Thumb Code   178  _printf_intcommon.o(.text)
    _printf_char_common                      0x00009bf3   Thumb Code    32  _printf_char_common.o(.text)
    __aeabi_memcpy4                          0x00009c19   Thumb Code     0  rt_memcpy_w.o(.text)
    __aeabi_memcpy8                          0x00009c19   Thumb Code     0  rt_memcpy_w.o(.text)
    __rt_memcpy_w                            0x00009c19   Thumb Code   100  rt_memcpy_w.o(.text)
    _memcpy_lastbytes_aligned                0x00009c61   Thumb Code     0  rt_memcpy_w.o(.text)
    __user_setup_stackheap                   0x00009c7d   Thumb Code    74  sys_stackheap_outer.o(.text)
    exit                                     0x00009cc7   Thumb Code    18  exit.o(.text)
    _sys_exit                                0x00009cd9   Thumb Code     8  sys_exit.o(.text)
    __I$use$semihosting                      0x00009ce5   Thumb Code     0  use_no_semi.o(.text)
    __use_no_semihosting_swi                 0x00009ce5   Thumb Code     2  use_no_semi.o(.text)
    __semihosting_library_function           0x00009ce7   Thumb Code     0  indicate_semi.o(.text)
    CAN_BIT_TIME                             0x0000b198   Data          68  lib_can.o(.constdata)
    Region$$Table$$Base                      0x0000b1dc   Number         0  anon$$obj.o(Region$$Table)
    Region$$Table$$Limit                     0x0000b20c   Number         0  anon$$obj.o(Region$$Table)
    down                                     0x2007c000   Data           4  sample.o(.data)
    game_menu                                0x2007c004   Data           2  sample.o(.data)
    received_move                            0x2007c006   Data           5  sample.o(.data)
    SystemFrequency                          0x2007c00c   Data           4  system_lpc17xx.o(.data)
    ScaleFlag                                0x2007c010   Data           1  system_lpc17xx.o(.data)
    select                                   0x2007c014   Data           1  irq_rit.o(.data)
    down_0                                   0x2007c018   Data           4  irq_rit.o(.data)
    down_1                                   0x2007c01c   Data           4  irq_rit.o(.data)
    down_2                                   0x2007c020   Data           4  irq_rit.o(.data)
    val_RxCoordX                             0x2007c058   Data           2  irq_can.o(.data)
    val_RxCoordY                             0x2007c05a   Data           2  irq_can.o(.data)
    data                                     0x2007c05c   Data           4  irq_can.o(.data)
    str                                      0x2007c060   Data           2  irq_can.o(.data)
    icr                                      0x2007c064   Data           1  lib_can.o(.data)
    result                                   0x2007c068   Data           4  lib_can.o(.data)
    game                                     0x2007c074   Data        2212  sample.o(.bss)
    CAN_TxMsg                                0x2007c918   Data          16  lib_can.o(.bss)
    CAN_RxMsg                                0x2007c928   Data          16  lib_can.o(.bss)
    __libspace_start                         0x2007c938   Data          96  libspace.o(.bss)
    __temporary_stack_top$libspace           0x2007c998   Data           0  libspace.o(.bss)



==============================================================================

Memory Map of the image

  Image Entry point : 0x000000cd

  Load Region LR_IROM1 (Base: 0x00000000, Size: 0x0000b280, Max: 0x00080000, ABSOLUTE)

    Execution Region ER_IROM1 (Exec base: 0x00000000, Load base: 0x00000000, Size: 0x0000b20c, Max: 0x00080000, ABSOLUTE)

    Exec Addr    Load Addr    Size         Type   Attr      Idx    E Section Name        Object

    0x00000000   0x00000000   0x000000cc   Data   RO            3    RESET               startup_lpc17xx.o
    0x000000cc   0x000000cc   0x00000008   Code   RO          808  * !!!main             c_w.l(__main.o)
    0x000000d4   0x000000d4   0x00000034   Code   RO          978    !!!scatter          c_w.l(__scatter.o)
    0x00000108   0x00000108   0x0000001a   Code   RO          980    !!handler_copy      c_w.l(__scatter_copy.o)
    0x00000122   0x00000122   0x00000002   PAD
    0x00000124   0x00000124   0x0000001c   Code   RO          982    !!handler_zi        c_w.l(__scatter_zi.o)
    0x00000140   0x00000140   0x00000000   Code   RO          803    .ARM.Collect$$_printf_percent$$00000000  c_w.l(_printf_percent.o)
    0x00000140   0x00000140   0x00000006   Code   RO          802    .ARM.Collect$$_printf_percent$$00000009  c_w.l(_printf_d.o)
    0x00000146   0x00000146   0x00000004   Code   RO          817    .ARM.Collect$$_printf_percent$$00000017  c_w.l(_printf_percent_end.o)
    0x0000014a   0x0000014a   0x00000002   Code   RO          846    .ARM.Collect$$libinit$$00000000  c_w.l(libinit.o)
    0x0000014c   0x0000014c   0x00000000   Code   RO          853    .ARM.Collect$$libinit$$00000002  c_w.l(libinit2.o)
    0x0000014c   0x0000014c   0x00000000   Code   RO          855    .ARM.Collect$$libinit$$00000004  c_w.l(libinit2.o)
    0x0000014c   0x0000014c   0x00000000   Code   RO          858    .ARM.Collect$$libinit$$0000000A  c_w.l(libinit2.o)
    0x0000014c   0x0000014c   0x00000000   Code   RO          860    .ARM.Collect$$libinit$$0000000C  c_w.l(libinit2.o)
    0x0000014c   0x0000014c   0x00000000   Code   RO          862    .ARM.Collect$$libinit$$0000000E  c_w.l(libinit2.o)
    0x0000014c   0x0000014c   0x00000000   Code   RO          865    .ARM.Collect$$libinit$$00000011  c_w.l(libinit2.o)
    0x0000014c   0x0000014c   0x00000000   Code   RO          867    .ARM.Collect$$libinit$$00000013  c_w.l(libinit2.o)
    0x0000014c   0x0000014c   0x00000000   Code   RO          869    .ARM.Collect$$libinit$$00000015  c_w.l(libinit2.o)
    0x0000014c   0x0000014c   0x00000000   Code   RO          871    .ARM.Collect$$libinit$$00000017  c_w.l(libinit2.o)
    0x0000014c   0x0000014c   0x00000000   Code   RO          873    .ARM.Collect$$libinit$$00000019  c_w.l(libinit2.o)
    0x0000014c   0x0000014c   0x00000000   Code   RO          875    .ARM.Collect$$libinit$$0000001B  c_w.l(libinit2.o)
    0x0000014c   0x0000014c   0x00000000   Code   RO          877    .ARM.Collect$$libinit$$0000001D  c_w.l(libinit2.o)
    0x0000014c   0x0000014c   0x00000000   Code   RO          879    .ARM.Collect$$libinit$$0000001F  c_w.l(libinit2.o)
    0x0000014c   0x0000014c   0x00000000   Code   RO          881    .ARM.Collect$$libinit$$00000021  c_w.l(libinit2.o)
    0x0000014c   0x0000014c   0x00000000   Code   RO          883    .ARM.Collect$$libinit$$00000023  c_w.l(libinit2.o)
    0x0000014c   0x0000014c   0x00000000   Code   RO          885    .ARM.Collect$$libinit$$00000025  c_w.l(libinit2.o)
    0x0000014c   0x0000014c   0x00000000   Code   RO          889    .ARM.Collect$$libinit$$0000002C  c_w.l(libinit2.o)
    0x0000014c   0x0000014c   0x00000000   Code   RO          891    .ARM.Collect$$libinit$$0000002E  c_w.l(libinit2.o)
    0x0000014c   0x0000014c   0x00000000   Code   RO          893    .ARM.Collect$$libinit$$00000030  c_w.l(libinit2.o)
    0x0000014c   0x0000014c   0x00000000   Code   RO          895    .ARM.Collect$$libinit$$00000032  c_w.l(libinit2.o)
    0x0000014c   0x0000014c   0x00000002   Code   RO          896    .ARM.Collect$$libinit$$00000033  c_w.l(libinit2.o)
    0x0000014e   0x0000014e   0x00000002   Code   RO          916    .ARM.Collect$$libshutdown$$00000000  c_w.l(libshutdown.o)
    0x00000150   0x00000150   0x00000000   Code   RO          929    .ARM.Collect$$libshutdown$$00000002  c_w.l(libshutdown2.o)
    0x00000150   0x00000150   0x00000000   Code   RO          931    .ARM.Collect$$libshutdown$$00000004  c_w.l(libshutdown2.o)
    0x00000150   0x00000150   0x00000000   Code   RO          933    .ARM.Collect$$libshutdown$$00000006  c_w.l(libshutdown2.o)
    0x00000150   0x00000150   0x00000000   Code   RO          936    .ARM.Collect$$libshutdown$$00000009  c_w.l(libshutdown2.o)
    0x00000150   0x00000150   0x00000000   Code   RO          939    .ARM.Collect$$libshutdown$$0000000C  c_w.l(libshutdown2.o)
    0x00000150   0x00000150   0x00000000   Code   RO          941    .ARM.Collect$$libshutdown$$0000000E  c_w.l(libshutdown2.o)
    0x00000150   0x00000150   0x00000000   Code   RO          944    .ARM.Collect$$libshutdown$$00000011  c_w.l(libshutdown2.o)
    0x00000150   0x00000150   0x00000002   Code   RO          945    .ARM.Collect$$libshutdown$$00000012  c_w.l(libshutdown2.o)
    0x00000152   0x00000152   0x00000000   Code   RO          810    .ARM.Collect$$rtentry$$00000000  c_w.l(__rtentry.o)
    0x00000152   0x00000152   0x00000000   Code   RO          821    .ARM.Collect$$rtentry$$00000002  c_w.l(__rtentry2.o)
    0x00000152   0x00000152   0x00000006   Code   RO          833    .ARM.Collect$$rtentry$$00000004  c_w.l(__rtentry4.o)
    0x00000158   0x00000158   0x00000000   Code   RO          823    .ARM.Collect$$rtentry$$00000009  c_w.l(__rtentry2.o)
    0x00000158   0x00000158   0x00000004   Code   RO          824    .ARM.Collect$$rtentry$$0000000A  c_w.l(__rtentry2.o)
    0x0000015c   0x0000015c   0x00000000   Code   RO          826    .ARM.Collect$$rtentry$$0000000C  c_w.l(__rtentry2.o)
    0x0000015c   0x0000015c   0x00000008   Code   RO          827    .ARM.Collect$$rtentry$$0000000D  c_w.l(__rtentry2.o)
    0x00000164   0x00000164   0x00000002   Code   RO          850    .ARM.Collect$$rtexit$$00000000  c_w.l(rtexit.o)
    0x00000166   0x00000166   0x00000000   Code   RO          898    .ARM.Collect$$rtexit$$00000002  c_w.l(rtexit2.o)
    0x00000166   0x00000166   0x00000004   Code   RO          899    .ARM.Collect$$rtexit$$00000003  c_w.l(rtexit2.o)
    0x0000016a   0x0000016a   0x00000006   Code   RO          900    .ARM.Collect$$rtexit$$00000004  c_w.l(rtexit2.o)
    0x00000170   0x00000170   0x00000034   Code   RO            5    .text               startup_lpc17xx.o
    0x000001a4   0x000001a4   0x00000050   Code   RO           16    .text               sample.o
    0x000001f4   0x000001f4   0x00000020   Code   RO          134    .text               asciilib.o
    0x00000214   0x00000214   0x00000084   Code   RO          234    .text               lib_joystick.o
    0x00000298   0x00000298   0x0000004c   Code   RO          752    .text               can_manager.o
    0x000002e4   0x000002e4   0x00000006   Code   RO          806    .text               c_w.l(heapauxi.o)
    0x000002ea   0x000002ea   0x0000000a   Code   RO          815    .text               c_w.l(_sputc.o)
    0x000002f4   0x000002f4   0x00000008   Code   RO          847    .text               c_w.l(libspace.o)
    0x000002fc   0x000002fc   0x00000004   Code   RO            4    .ARM.__at_0x02FC    startup_lpc17xx.o
    0x00000300   0x00000300   0x0000024c   Code   RO          103    .text               system_lpc17xx.o
    0x0000054c   0x0000054c   0x000040e4   Code   RO          157    .text               glcd.o
    0x00004630   0x00004630   0x000000b8   Code   RO          258    .text               irq_button.o
    0x000046e8   0x000046e8   0x000000d4   Code   RO          293    .text               lib_button.o
    0x000047bc   0x000047bc   0x0000032c   Code   RO          321    .text               irq_rit.o
    0x00004ae8   0x00004ae8   0x00000094   Code   RO          377    .text               lib_rit.o
    0x00004b7c   0x00004b7c   0x00000078   Code   RO          405    .text               irq_timer.o
    0x00004bf4   0x00004bf4   0x00000308   Code   RO          442    .text               lib_timer.o
    0x00004efc   0x00004efc   0x00000b0c   Code   RO          466    .text               quoridor.o
    0x00005a08   0x00005a08   0x00000d86   Code   RO          515    .text               player.o
    0x0000678e   0x0000678e   0x00000002   PAD
    0x00006790   0x00006790   0x00000aa8   Code   RO          533    .text               walls.o
    0x00007238   0x00007238   0x00001014   Code   RO          555    .text               graphics.o
    0x0000824c   0x0000824c   0x00000afc   Code   RO          601    .text               magda.o
    0x00008d48   0x00008d48   0x00000630   Code   RO          632    .text               menu.o
    0x00009378   0x00009378   0x0000010c   Code   RO          676    .text               irq_can.o
    0x00009484   0x00009484   0x00000520   Code   RO          723    .text               lib_can.o
    0x000099a4   0x000099a4   0x00000028   Code   RO          776    .text               c_w.l(noretval__2sprintf.o)
    0x000099cc   0x000099cc   0x00000068   Code   RO          778    .text               c_w.l(__printf.o)
    0x00009a34   0x00009a34   0x00000078   Code   RO          780    .text               c_w.l(_printf_dec.o)
    0x00009aac   0x00009aac   0x0000008a   Code   RO          804    .text               c_w.l(rt_memcpy_v6.o)
    0x00009b36   0x00009b36   0x000000b2   Code   RO          811    .text               c_w.l(_printf_intcommon.o)
    0x00009be8   0x00009be8   0x00000030   Code   RO          813    .text               c_w.l(_printf_char_common.o)
    0x00009c18   0x00009c18   0x00000064   Code   RO          818    .text               c_w.l(rt_memcpy_w.o)
    0x00009c7c   0x00009c7c   0x0000004a   Code   RO          837    .text               c_w.l(sys_stackheap_outer.o)
    0x00009cc6   0x00009cc6   0x00000012   Code   RO          839    .text               c_w.l(exit.o)
    0x00009cd8   0x00009cd8   0x0000000c   Code   RO          908    .text               c_w.l(sys_exit.o)
    0x00009ce4   0x00009ce4   0x00000002   Code   RO          919    .text               c_w.l(use_no_semi.o)
    0x00009ce6   0x00009ce6   0x00000000   Code   RO          921    .text               c_w.l(indicate_semi.o)
    0x00009ce6   0x00009ce6   0x000005f0   Data   RO          135    .constdata          asciilib.o
    0x0000a2d6   0x0000a2d6   0x00000002   PAD
    0x0000a2d8   0x0000a2d8   0x00000ec0   Data   RO          556    .constdata          graphics.o
    0x0000b198   0x0000b198   0x00000044   Data   RO          725    .constdata          lib_can.o
    0x0000b1dc   0x0000b1dc   0x00000030   Data   RO          976    Region$$Table       anon$$obj.o


    Execution Region RW_IRAM1 (Exec base: 0x10000000, Load base: 0x0000b20c, Size: 0x00001000, Max: 0x00008000, ABSOLUTE)

    Exec Addr    Load Addr    Size         Type   Attr      Idx    E Section Name        Object

    0x10000000        -       0x00000fff   Zero   RW            1    STACK               startup_lpc17xx.o


    Execution Region RW_IRAM2 (Exec base: 0x2007c000, Load base: 0x0000b20c, Size: 0x00000998, Max: 0x00008000, ABSOLUTE)

    Exec Addr    Load Addr    Size         Type   Attr      Idx    E Section Name        Object

    0x2007c000   0x0000b20c   0x0000000b   Data   RW           18    .data               sample.o
    0x2007c00b   0x0000b217   0x00000001   PAD
    0x2007c00c   0x0000b218   0x00000005   Data   RW          104    .data               system_lpc17xx.o
    0x2007c011   0x0000b21d   0x00000001   Data   RW          158    .data               glcd.o
    0x2007c012   0x0000b21e   0x00000002   PAD
    0x2007c014   0x0000b220   0x00000034   Data   RW          322    .data               irq_rit.o
    0x2007c048   0x0000b254   0x0000001a   Data   RW          677    .data               irq_can.o
    0x2007c062   0x0000b26e   0x00000002   PAD
    0x2007c064   0x0000b270   0x00000010   Data   RW          726    .data               lib_can.o
    0x2007c074        -       0x000008a4   Zero   RW           17    .bss                sample.o
    0x2007c918        -       0x00000020   Zero   RW          724    .bss                lib_can.o
    0x2007c938        -       0x00000060   Zero   RW          848    .bss                c_w.l(libspace.o)
    0x2007c998        -       0x00000000   Zero   RW            2    HEAP                startup_lpc17xx.o


==============================================================================

Image component sizes


      Code (inc. data)   RO Data    RW Data    ZI Data      Debug   Object Name

        32          6       1520          0          0       1087   asciilib.o
        76         12          0          0          0        598   can_manager.o
         0          0          0          0          0      16904   funct_joystick.o
     16612        104          0          1          0      40151   glcd.o
      4116        172       3776          0          0       9129   graphics.o
       184         28          0          0          0        985   irq_button.o
       268         62          0         26          0       4581   irq_can.o
       812         64          0         52          0       1691   irq_rit.o
       120         16          0          0          0        906   irq_timer.o
       212         22          0          0          0        946   lib_button.o
      1312         64         68         16         32       4348   lib_can.o
       132         10          0          0          0        496   lib_joystick.o
       148         14          0          0          0      27487   lib_rit.o
       776         20          0          0          0       2144   lib_timer.o
      2812         24          0          0          0       9336   magda.o
      1584        240          0          0          0       5279   menu.o
      3462          0          0          0          0       6053   player.o
      2828         36          0          0          0       8827   quoridor.o
        80         10          0         11       2212       8239   sample.o
        56         22        204          0       4095       1048   startup_lpc17xx.o
       588         36          0          5          0        945   system_lpc17xx.o
      2728         24          0          0          0       7873   walls.o

    ----------------------------------------------------------------------
     38940        986       5618        116       6340     159053   Object Totals
         0          0         48          0          0          0   (incl. Generated)
         2          0          2          5          1          0   (incl. Padding)

    ----------------------------------------------------------------------

      Code (inc. data)   RO Data    RW Data    ZI Data      Debug   Library Member Name

         8          0          0          0          0         68   __main.o
       104          0          0          0          0         84   __printf.o
         0          0          0          0          0          0   __rtentry.o
        12          0          0          0          0          0   __rtentry2.o
         6          0          0          0          0          0   __rtentry4.o
        52          8          0          0          0          0   __scatter.o
        26          0          0          0          0          0   __scatter_copy.o
        28          0          0          0          0          0   __scatter_zi.o
        48          6          0          0          0         96   _printf_char_common.o
         6          0          0          0          0          0   _printf_d.o
       120         16          0          0          0         92   _printf_dec.o
       178          0          0          0          0         88   _printf_intcommon.o
         0          0          0          0          0          0   _printf_percent.o
         4          0          0          0          0          0   _printf_percent_end.o
        10          0          0          0          0         68   _sputc.o
        18          0          0          0          0         80   exit.o
         6          0          0          0          0        152   heapauxi.o
         0          0          0          0          0          0   indicate_semi.o
         2          0          0          0          0          0   libinit.o
         2          0          0          0          0          0   libinit2.o
         2          0          0          0          0          0   libshutdown.o
         2          0          0          0          0          0   libshutdown2.o
         8          4          0          0         96         68   libspace.o
        40          6          0          0          0         84   noretval__2sprintf.o
       138          0          0          0          0         68   rt_memcpy_v6.o
       100          0          0          0          0         80   rt_memcpy_w.o
         2          0          0          0          0          0   rtexit.o
        10          0          0          0          0          0   rtexit2.o
        12          4          0          0          0         68   sys_exit.o
        74          0          0          0          0         80   sys_stackheap_outer.o
         2          0          0          0          0         68   use_no_semi.o

    ----------------------------------------------------------------------
      1022         44          0          0         96       1244   Library Totals
         2          0          0          0          0          0   (incl. Padding)

    ----------------------------------------------------------------------

      Code (inc. data)   RO Data    RW Data    ZI Data      Debug   Library Name

      1020         44          0          0         96       1244   c_w.l

    ----------------------------------------------------------------------
      1022         44          0          0         96       1244   Library Totals

    ----------------------------------------------------------------------

==============================================================================


      Code (inc. data)   RO Data    RW Data    ZI Data      Debug   

     39962       1030       5618        116       6436     158369   Grand Totals
     39962       1030       5618        116       6436     158369   ELF Image Totals
     39962       1030       5618        116          0          0   ROM Totals

==============================================================================

    Total RO  Size (Code + RO Data)                45580 (  44.51kB)
    Total RW  Size (RW Data + ZI Data)              6552 (   6.40kB)
    Total ROM Size (Code + RO Data + RW Data)      45696 (  44.63kB)

==============================================================================

