<html>
<body>
<pre>
<h1>µVision Build Log</h1>
<h2>Tool Versions:</h2>
IDE-Version: µVision V5.36.0.0
Copyright (C) 2021 ARM Ltd and ARM Germany GmbH. All rights reserved.
License Information: Lorenzo Quellerba Politecnico di Torino Flex license: MDK Professional 5.36 (Flex) (mdk_pro) Operation stops: 10 Mar 2024
 
Tool Versions:
Toolchain:       MDK Professional 5.36 (Flex)  Version: 5.36.0.0
Toolchain Path:  C:\Keil_v5\ARM\ARMCC\Bin
C Compiler:      Armcc.exe V5.06 update 7 (build 960)
Assembler:       Armasm.exe V5.06 update 7 (build 960)
Linker/Locator:  ArmLink.exe V5.06 update 7 (build 960)
Library Manager: ArmAr.exe V5.06 update 7 (build 960)
Hex Converter:   FromElf.exe V5.06 update 7 (build 960)
CPU DLL:         SARMCM3.DLL V5.36.0.0
Dialog DLL:      DARMP1.DLL V1.27.0.0
Target DLL:      UL2CM3.DLL V1.164.0.0
Dialog DLL:      TARMP1.DLL V1.26.0.0
 
<h2>Project:</h2>
\\vmware-host\Shared Folders\lorenzo On My Mac\Uni\ASE\Extra_point\quorridor\sample.uvprojx
Project File Date:  01/17/2024

<h2>Output:</h2>
*** Using Compiler 'V5.06 update 7 (build 960)', folder: 'C:\Keil_v5\ARM\ARMCC\Bin'
Build target 'Target 1'
compiling quoridor.c...
game\./player.h(16): warning:  #1-D: last line of file ends without a newline
  #endif
game\quoridor.c(306): warning:  #223-D: function "move_wall" declared implicitly
                  move_wall(UP);
game\quoridor.c(310): warning:  #223-D: function "move_wall" declared implicitly
                  move_wall(LEFT);
game\quoridor.c(314): warning:  #223-D: function "move_wall" declared implicitly
                  move_wall(RIGHT);
game\quoridor.c(319): warning:  #223-D: function "move_wall" declared implicitly
                  move_wall(DOWN);
game\quoridor.c(324): warning:  #223-D: function "move_wall" declared implicitly
                  move_wall(ROTATION);
game\quoridor.c: 6 warnings, 0 errors
compiling graphics.c...
linking...
Program Size: Code=29252 RO-data=5548 RW-data=44 ZI-data=4852  
".\sample.axf" - 0 Error(s), 6 Warning(s).

<h2>Software Packages used:</h2>

Package Vendor: ARM
                http://www.keil.com/pack/ARM.CMSIS.5.9.0.pack
                ARM.CMSIS.5.9.0
                CMSIS (Common Microcontroller Software Interface Standard)
   * Component: CORE Version: 5.6.0

Package Vendor: Keil
                http://www.keil.com/pack/Keil.LPC1700_DFP.2.7.1.pack
                Keil.LPC1700_DFP.2.7.1
                NXP LPC1700 Series Device Support, Drivers and Examples for MCB1700 and LPC1788-32

<h2>Collection of Component include folders:</h2>
  .\RTE\_Target_1
  C:\Users\Lorenzo\AppData\Local\Arm\Packs\ARM\CMSIS\5.9.0\CMSIS\Core\Include
  C:\Users\Lorenzo\AppData\Local\Arm\Packs\Keil\LPC1700_DFP\2.7.1\Device\Include

<h2>Collection of Component Files used:</h2>

   * Component: ARM::CMSIS:CORE:5.6.0
Build Time Elapsed:  00:00:03
</pre>
</body>
</html>
